Converse/Charm++ Commit ID: v80000
Charm++> scheduler running in netpoll mode.
CharmLB> Load balancer assumes all CPUs are same.
Charm++> Running on 1 hosts (1 sockets x 8 cores x 2 PUs = 16-way SMP)
Charm++> cpu topology info is gathered in 0.000 seconds.
CharmLB> Load balancing instrumentation for communication is off.
Info: NAMD 3.1alpha4pre for Linux-x86_64-netlrts
Info: 
Info: Please visit http://www.ks.uiuc.edu/Research/namd/
Info: for updates, documentation, and support information.
Info: 
Info: Please cite Phillips et al., J. Chem. Phys. 153:044130 (2020) doi:10.1063/5.0014475
Info: in all publications reporting results obtained with NAMD.
Info: 
Info: Based on Charm++/Converse 80000 for netlrts-linux-x86_64
Info: Built Tue Jun 2 11:05:04 CEST 2026 by rat on Cerb
Info: 1 NAMD  3.1alpha4pre  Linux-x86_64-netlrts  1    Cerb  rat
Info: Running on 1 processors, 1 nodes, 1 physical nodes.
Info: CPU topology information available.
Info: Charm++/Converse parallel runtime startup completed at 0.00322047 s
Info: 469.098 MB of memory in use based on /proc/self/stat
Info: Configuration file is bench.conf
Info: Working in the current directory /home/rat/PycharmProjects/ML_models_NAMD/namd_benchmarks/runs/schnet/w10_30atoms/walk1
TCL: Suspending until startup complete.
Warning: Option "1-4scaling" has been deprecated. Instead use "oneFourScaling".
Info: SIMULATION PARAMETERS:
Info: TIMESTEP               1
Info: NUMBER OF STEPS        0
Info: STEPS PER CYCLE        100
Info: LOAD BALANCER  Centralized
Info: LOAD BALANCING STRATEGY  New Load Balancers -- DEFAULT
Info: LDB PERIOD             20000 steps
Info: FIRST LDB TIMESTEP     500
Info: LAST LDB TIMESTEP     -1
Info: LDB BACKGROUND SCALING 1
Info: HOM BACKGROUND SCALING 1
Info: MIN ATOMS PER PATCH    40
Info: EMPTY PATCH LOAD       40 ATOMS
Info: INITIAL TEMPERATURE    300
Info: CENTER OF MASS MOVING INITIALLY? NO
Info: DIELECTRIC             1
Info: EXCLUDE                SCALED ONE-FOUR
Info: 1-4 ELECTROSTATICS SCALED BY 0.833333
Info: MODIFIED 1-4 VDW PARAMETERS WILL BE USED
Info: DCD FILENAME           bench.0.dcd
Info: DCD FREQUENCY          1000000
Info: DCD FIRST STEP         1000000
Info: NO EXTENDED SYSTEM TRAJECTORY OUTPUT
Info: NO VELOCITY DCD OUTPUT
Info: NO FORCE DCD OUTPUT
Info: OUTPUT FILENAME        bench.0
Info: RESTART FILENAME       bench.0.restart
Info: RESTART FREQUENCY      1000000
Info: NAMD will save positions and velocities to bench.0.crash.csv when  atoms are moving too fast.
Info: SWITCHING ACTIVE
Info: SWITCHING ON           10
Info: SWITCHING OFF          12
Info: PAIRLIST DISTANCE      14
Info: PAIRLIST SHRINK RATE   0.01
Info: PAIRLIST GROW RATE     0.01
Info: PAIRLIST TRIGGER       0.3
Info: PAIRLISTS PER CYCLE    2
Info: PAIRLISTS ENABLED
Info: MARGIN                 0
Info: HYDROGEN GROUP CUTOFF  2.5
Info: PATCH DIMENSION        16.5
Info: ENERGY OUTPUT STEPS    100
Info: ENERGY EVALUATION STEPS    100
Info: OUTPUT ENERGY PRECISION 4
Info: CROSSTERM ENERGY INCLUDED IN DIHEDRAL
Info: TIMING OUTPUT STEPS    100
Info: QM FORCES ACTIVE
Info: QM PDB PARAMETER FILE: /home/rat/PycharmProjects/ML_models_NAMD/namd_benchmarks/systems/w10_30atoms/qm.pdb
Info: QM SOFTWARE: mlff
Info: QM ATOM CHARGES FROM QM SOFTWARE: NONE
Info: QM EXECUTABLE PATH: /home/rat/PycharmProjects/ML_models_NAMD/namd_benchmarks/models/schnet.pt
Info: QM COLUMN: beta
Info: QM WILL DETECT BONDS BETWEEN QM AND MM ATOMS.
Info: QM BOND COLUMN: occ
Info: QM-MM BOND SCHEME: Charge Shift.
Info: QM BASE DIRECTORY: /tmp/namd_bench_qmmm
Info: QM FORCES WILL REPLACE ALL NAMD FORCES!
Info: QM POINT CHARGES WILL BE SELECTED EVERY 1 STEPS.
Info: QM executions per node: 1
Info: LANGEVIN DYNAMICS ACTIVE
Info: LANGEVIN TEMPERATURE   300
Info: LANGEVIN USING BBK INTEGRATOR
Info: LANGEVIN DAMPING COEFFICIENT IS 5 INVERSE PS
Info: LANGEVIN DYNAMICS APPLIED TO HYDROGENS
Info: USING VERLET I (r-RESPA) MTS SCHEME.
Info: C1 SPLITTING OF LONG RANGE ELECTROSTATICS
Info: PLACING ATOMS IN PATCHES BY HYDROGEN GROUPS
Info: RIGID BONDS TO HYDROGEN : ALL
Info:         ERROR TOLERANCE : 1e-08
Info:          MAX ITERATIONS : 100
Info: RIGID WATER USING SETTLE ALGORITHM
Info: RANDOM NUMBER SEED     1780440512
Info: USE HYDROGEN BONDS?    NO
Info: Using AMBER format force field!
Info: AMBER PARM FILE        /home/rat/PycharmProjects/ML_models_NAMD/namd_benchmarks/systems/w10_30atoms/water.prmtop
Info: COORDINATE PDB         /home/rat/PycharmProjects/ML_models_NAMD/namd_benchmarks/systems/w10_30atoms/water.pdb
Info: Exclusions will be read from PARM file!
Info: SCNB (VDW SCALING)     2
Info: USING ARITHMETIC MEAN TO COMBINE L-J SIGMA PARAMETERS
Info: === Start reading AMBER parm7 format file /home/rat/PycharmProjects/ML_models_NAMD/namd_benchmarks/systems/w10_30atoms/water.prmtop ===
Info: Complete reading ATOM_NAME with 30 fields.
Info: Complete reading CHARGE with 30 fields.
Info: Complete reading ATOMIC_NUMBER with 30 fields.
Info: Complete reading MASS with 30 fields.
Info: Complete reading ATOM_TYPE_INDEX with 30 fields.
Info: Complete reading NUMBER_EXCLUDED_ATOMS with 30 fields.
Info: Complete reading NONBONDED_PARM_INDEX with 4 fields.
Info: Complete reading RESIDUE_LABEL with 10 fields.
Info: Complete reading RESIDUE_POINTER with 10 fields.
Info: Complete reading BOND_FORCE_CONSTANT with 2 fields.
Info: Complete reading BOND_EQUIL_VALUE with 2 fields.
Info: Complete reading ANGLE_FORCE_CONSTANT with 0 fields.
Info: Complete reading ANGLE_EQUIL_VALUE with 0 fields.
Info: Complete reading DIHEDRAL_FORCE_CONSTANT with 0 fields.
Info: Complete reading DIHEDRAL_PERIODICITY with 0 fields.
Info: Complete reading DIHEDRAL_PHASE with 0 fields.
Info: Complete reading SCEE_SCALE_FACTOR with 0 fields.
Info: Complete reading SCNB_SCALE_FACTOR with 0 fields.
Info: Complete reading LENNARD_JONES_ACOEF with 3 fields.
Info: Complete reading LENNARD_JONES_BCOEF with 3 fields.
Info: Complete reading BONDS_INC_HYDROGEN with 90 fields.
Info: Complete reading BONDS_WITHOUT_HYDROGEN with 0 fields.
Info: Complete reading ANGLES_INC_HYDROGEN with 0 fields.
Info: Complete reading ANGLES_WITHOUT_HYDROGEN with 0 fields.
Info: Complete reading DIHEDRALS_INC_HYDROGEN with 0 fields.
Info: Complete reading DIHEDRALS_WITHOUT_HYDROGEN with 0 fields.
Info: Complete reading EXCLUDED_ATOMS_LIST with 40 fields.
Info: Complete reading HBOND_ACOEF with 0 fields.
Info: Complete reading HBOND_BCOEF with 0 fields.
Info: Complete reading AMBER_ATOM_TYPE with 30 fields.
Info: Complete reading TREE_CHAIN_CLASSIFICATION with 30 fields.
Info: Complete reading RADIUS_SET with 1 fields.
Info: Complete reading RADII with 30 fields.
Info: Complete reading SCREEN with 30 fields.
Info: === Finish reading AMBER parm7 format file. ===
Warning: Found 10 H-H bonds.
Info: No lone pairs detected in waters
Info: SUMMARY OF PARAMETERS:
Info: 2 BONDS
Info: 0 ANGLES
Info: 0 DIHEDRAL
Info: 0 IMPROPER
Info: 0 CROSSTERM
Info: 0 VDW
Info: 3 VDW_PAIRS
Info: 0 NBTHOLE_PAIRS
Info: Reading pdb file /home/rat/PycharmProjects/ML_models_NAMD/namd_benchmarks/systems/w10_30atoms/water.pdb
Info: TIME FOR READING PDB FILE: 4.6541e-05
Info: 
Info: Using the following PDB file for QM parameters: /home/rat/PycharmProjects/ML_models_NAMD/namd_benchmarks/systems/w10_30atoms/qm.pdb
Info: Number of QM atoms (excluding Dummy atoms): 30
Info: Storing QM-MM bonds.
Warning: We found 0 QM-MM bonds.
Info: Applying user defined multiplicity 1 to QM group ID 1
Info: 1) Group ID: 1 ; Group size: 30 atoms ; Total PSF charge: 0
Info: Found user defined charge 0 for QM group ID 1. Will ignore PSF charge.
Info: ****************************
Info: STRUCTURE SUMMARY:
Info: 30 ATOMS
Info: 30 BONDS
Info: 0 ANGLES
Info: 0 DIHEDRALS
Info: 0 IMPROPERS
Info: 0 CROSSTERMS
Info: 30 EXCLUSIONS
Info: 30 RIGID BONDS
Info: 60 DEGREES OF FREEDOM
Info: 10 HYDROGEN GROUPS
Info: 3 ATOMS IN LARGEST HYDROGEN GROUP
Info: 10 MIGRATION GROUPS
Info: 3 ATOMS IN LARGEST MIGRATION GROUP
Info: TOTAL MASS = 180.16 amu
Info: TOTAL CHARGE = 0 e
Info: *****************************
Info: 
Info: Entering startup at 0.00766731 s, 9.24319 MB of memory in use
Info: Startup phase 0 took 2.7907e-05 s, 9.24319 MB of memory in use
Info: The QM region will remove 30 bonds, 0 angles, 0 dihedrals, 0 impropers and 0 crossterms.
Info: ADDED 0 IMPLICIT EXCLUSIONS
Info: Startup phase 1 took 7.3963e-05 s, 9.24319 MB of memory in use
Info: NONBONDED TABLE R-SQUARED SPACING: 0.0625
Info: NONBONDED TABLE SIZE: 769 POINTS
Info: ABSOLUTE IMPRECISION IN FAST TABLE ENERGY: 1.69407e-21 AT 11.9974
Info: RELATIVE IMPRECISION IN FAST TABLE ENERGY: 1.13046e-16 AT 11.9974
Info: INCONSISTENCY IN FAST TABLE ENERGY VS FORCE: 0.000290274 AT 0.251946
Info: INCONSISTENCY IN VDWA TABLE ENERGY VS FORCE: 0.0040507 AT 0.251946
Info: INCONSISTENCY IN VDWB TABLE ENERGY VS FORCE: 0.00150189 AT 0.251946
Info: Startup phase 2 took 0.000318607 s, 9.24319 MB of memory in use
Info: Startup phase 3 took 2.2114e-05 s, 9.24319 MB of memory in use
Info: Startup phase 4 took 1.8624e-05 s, 9.24319 MB of memory in use
Info: Startup phase 5 took 2.6284e-05 s, 9.24319 MB of memory in use
Info: ORIGINAL ATOMS MINMAX IS 0.478 -0.053 -0.066  7.929 8.656 7.494
Info: ADJUSTED ATOMS MINMAX IS 0.26925 -1.006 0.243  8.17675 8.844 7.783
Info: PATCH GRID IS 1 BY 1 BY 1
Info: PATCH GRID IS 1-AWAY BY 1-AWAY BY 1-AWAY
Info: REMOVING COM VELOCITY -0.623621 0.286514 1.9533
Info: LARGEST PATCH (0) HAS 30 ATOMS
Info: TORUS A SIZE 1 USING 0
Info: TORUS B SIZE 1 USING 0
Info: TORUS C SIZE 1 USING 0
Info: TORUS MINIMAL MESH SIZE IS 1 BY 1 BY 1
Info: Placed 100% of base nodes on same physical node as patch
Info: Startup phase 6 took 0.000111892 s, 9.24319 MB of memory in use
Info: Startup phase 7 took 2.1618e-05 s, 9.24319 MB of memory in use
Info: Startup phase 8 took 1.7973e-05 s, 9.24319 MB of memory in use
Info: Startup phase 9 took 1.7711e-05 s, 9.24319 MB of memory in use
Info: Startup phase 10 took 1.7234e-05 s, 9.24319 MB of memory in use
Info: Startup phase 11 took 1.7934e-05 s, 9.24319 MB of memory in use
LDB: Central LB being created...
Info: Startup phase 12 took 2.506e-05 s, 9.24319 MB of memory in use
Info: Startup phase 13 took 1.8741e-05 s, 9.24319 MB of memory in use
Info: Startup phase 14 took 1.7749e-05 s, 9.24319 MB of memory in use
Info: Startup phase 15 took 1.7419e-05 s, 9.24319 MB of memory in use
Info: CREATING 13 COMPUTE OBJECTS
Info: Startup phase 16 took 0.000127804 s, 9.24319 MB of memory in use
Info: Startup phase 17 took 2.3271e-05 s, 9.24319 MB of memory in use
Info: Startup phase 18 took 2.2483e-05 s, 9.24319 MB of memory in use
Info: Finished startup at 0.0086117 s, 9.24319 MB of memory in use

TCL: Running for 500 steps
Info: List of ranks running QM simulations: 0.
Info: MLFF: loaded model from /home/rat/PycharmProjects/ML_models_NAMD/namd_benchmarks/models/schnet.pt
Info: MLFF: batched inference ENABLED (forward_batch detected), expected batch size = 1 walkers.
QMENERGY:       0         1.0000       135.5983

ETITLE:      TS           BOND          ANGLE          DIHED          IMPRP               ELECT            VDW       BOUNDARY           MISC        KINETIC               TOTAL           TEMP      POTENTIAL         TOTAL3        TEMPAVG

QMETITLE:      TS           QMID         ENERGY

ENERGY:       0         0.0000         0.0000         0.0000         0.0000              0.0000         0.0000         0.0000       135.5983        14.6292            150.2275       245.3910       135.5983       150.2485       245.3910

QMENERGY:       1         1.0000       135.7558

QMENERGY:       2         1.0000       135.4409

QMENERGY:       3         1.0000       134.5844

QMENERGY:       4         1.0000       133.3181

QMENERGY:       5         1.0000       131.7542

QMENERGY:       6         1.0000       129.8801

QMENERGY:       7         1.0000       127.8130

QMENERGY:       8         1.0000       125.7490

QMENERGY:       9         1.0000       123.6867

QMENERGY:      10         1.0000       121.7890

QMENERGY:      11         1.0000       120.1516

QMENERGY:      12         1.0000       118.8962

QMENERGY:      13         1.0000       117.9603

QMENERGY:      14         1.0000       117.4291

QMENERGY:      15         1.0000       117.2682

QMENERGY:      16         1.0000       117.3334

QMENERGY:      17         1.0000       117.4708

QMENERGY:      18         1.0000       117.6922

QMENERGY:      19         1.0000       117.9590

QMENERGY:      20         1.0000       118.1774

QMENERGY:      21         1.0000       118.3325

QMENERGY:      22         1.0000       118.4810

QMENERGY:      23         1.0000       118.4981

QMENERGY:      24         1.0000       118.2639

QMENERGY:      25         1.0000       117.6587

QMENERGY:      26         1.0000       116.6324

QMENERGY:      27         1.0000       115.2472

QMENERGY:      28         1.0000       113.5821

QMENERGY:      29         1.0000       111.6060

QMENERGY:      30         1.0000       109.4216

QMENERGY:      31         1.0000       107.2485

QMENERGY:      32         1.0000       105.1058

QMENERGY:      33         1.0000       103.1541

QMENERGY:      34         1.0000       101.4070

QMENERGY:      35         1.0000        99.8394

QMENERGY:      36         1.0000        98.4867

QMENERGY:      37         1.0000        97.2831

QMENERGY:      38         1.0000        96.3551

QMENERGY:      39         1.0000        95.7005

QMENERGY:      40         1.0000        95.3776

QMENERGY:      41         1.0000        95.3980

QMENERGY:      42         1.0000        95.6586

QMENERGY:      43         1.0000        96.1161

QMENERGY:      44         1.0000        96.6694

QMENERGY:      45         1.0000        97.2418

QMENERGY:      46         1.0000        97.7277

QMENERGY:      47         1.0000        98.0570

QMENERGY:      48         1.0000        98.2912

QMENERGY:      49         1.0000        98.3859

QMENERGY:      50         1.0000        98.2791

QMENERGY:      51         1.0000        97.9644

QMENERGY:      52         1.0000        97.4674

QMENERGY:      53         1.0000        96.8895

QMENERGY:      54         1.0000        96.2646

QMENERGY:      55         1.0000        95.6395

QMENERGY:      56         1.0000        95.0670

QMENERGY:      57         1.0000        94.5324

QMENERGY:      58         1.0000        94.0364

QMENERGY:      59         1.0000        93.6415

QMENERGY:      60         1.0000        93.3817

QMENERGY:      61         1.0000        93.2221

QMENERGY:      62         1.0000        93.1472

QMENERGY:      63         1.0000        93.1421

QMENERGY:      64         1.0000        93.1725

QMENERGY:      65         1.0000        93.2508

QMENERGY:      66         1.0000        93.3205

QMENERGY:      67         1.0000        93.3754

QMENERGY:      68         1.0000        93.4445

QMENERGY:      69         1.0000        93.5437

QMENERGY:      70         1.0000        93.6818

QMENERGY:      71         1.0000        93.8833

QMENERGY:      72         1.0000        94.1204

QMENERGY:      73         1.0000        94.3493

QMENERGY:      74         1.0000        94.4852

QMENERGY:      75         1.0000        94.5296

QMENERGY:      76         1.0000        94.3764

QMENERGY:      77         1.0000        94.0962

QMENERGY:      78         1.0000        93.6540

QMENERGY:      79         1.0000        93.1128

QMENERGY:      80         1.0000        92.6168

QMENERGY:      81         1.0000        92.2825

QMENERGY:      82         1.0000        92.2023

QMENERGY:      83         1.0000        92.3011

QMENERGY:      84         1.0000        92.5954

QMENERGY:      85         1.0000        92.9692

QMENERGY:      86         1.0000        93.3154

QMENERGY:      87         1.0000        93.5173

QMENERGY:      88         1.0000        93.6595

QMENERGY:      89         1.0000        93.6736

QMENERGY:      90         1.0000        93.5572

QMENERGY:      91         1.0000        93.3939

QMENERGY:      92         1.0000        93.2233

QMENERGY:      93         1.0000        93.1023

QMENERGY:      94         1.0000        92.9897

QMENERGY:      95         1.0000        92.9002

QMENERGY:      96         1.0000        92.8845

QMENERGY:      97         1.0000        92.9086

QMENERGY:      98         1.0000        92.9793

QMENERGY:      99         1.0000        93.1013

LDB: ============= START OF LOAD BALANCING ============== 3.74808
LDB: ============== END OF LOAD BALANCING =============== 3.74815
LDB: =============== DONE WITH MIGRATION ================ 3.74817
QMENERGY:     100         1.0000        93.2546

TIMING: 100  CPU: 3.72927, 0.0296196/step  Wall: 3.74808, 0.0287438/step, 0.00319376 hours remaining, 9.243191 MB of memory in use.
PERFORMANCE: 100  averaging 3.00586 ns/day, 0.0287438 sec/step with standard deviation 0
ENERGY:     100         0.0000         0.0000         0.0000         0.0000              0.0000         0.0000         0.0000        93.2546        38.4300            131.6846       644.6291        93.2546       132.2080       696.2153

QMENERGY:     101         1.0000        93.4221

QMENERGY:     102         1.0000        93.5617

QMENERGY:     103         1.0000        93.6892

QMENERGY:     104         1.0000        93.7663

QMENERGY:     105         1.0000        93.8486

QMENERGY:     106         1.0000        93.9104

QMENERGY:     107         1.0000        93.9837

QMENERGY:     108         1.0000        94.0520

QMENERGY:     109         1.0000        94.0738

QMENERGY:     110         1.0000        94.0768

QMENERGY:     111         1.0000        94.0579

QMENERGY:     112         1.0000        94.0058

QMENERGY:     113         1.0000        93.9127

QMENERGY:     114         1.0000        93.7569

QMENERGY:     115         1.0000        93.5367

QMENERGY:     116         1.0000        93.1801

QMENERGY:     117         1.0000        92.7087

QMENERGY:     118         1.0000        92.2004

QMENERGY:     119         1.0000        91.7478

QMENERGY:     120         1.0000        91.3813

QMENERGY:     121         1.0000        91.1546

QMENERGY:     122         1.0000        91.0202

QMENERGY:     123         1.0000        90.9678

QMENERGY:     124         1.0000        90.9677

QMENERGY:     125         1.0000        91.0861

QMENERGY:     126         1.0000        91.2893

QMENERGY:     127         1.0000        91.6458

QMENERGY:     128         1.0000        92.0536

QMENERGY:     129         1.0000        92.4620

QMENERGY:     130         1.0000        92.9684

QMENERGY:     131         1.0000        93.5709

QMENERGY:     132         1.0000        94.2253

QMENERGY:     133         1.0000        94.8830

QMENERGY:     134         1.0000        95.5374

QMENERGY:     135         1.0000        96.1379

QMENERGY:     136         1.0000        96.6824

QMENERGY:     137         1.0000        97.1137

QMENERGY:     138         1.0000        97.3936

QMENERGY:     139         1.0000        97.5447

QMENERGY:     140         1.0000        97.6497

QMENERGY:     141         1.0000        97.6318

QMENERGY:     142         1.0000        97.4706

QMENERGY:     143         1.0000        97.1834

QMENERGY:     144         1.0000        96.7698

QMENERGY:     145         1.0000        96.1595

QMENERGY:     146         1.0000        95.4447

QMENERGY:     147         1.0000        94.6833

QMENERGY:     148         1.0000        93.9611

QMENERGY:     149         1.0000        93.3855

QMENERGY:     150         1.0000        92.8828

QMENERGY:     151         1.0000        92.5504

QMENERGY:     152         1.0000        92.3593

QMENERGY:     153         1.0000        92.2831

QMENERGY:     154         1.0000        92.3830

QMENERGY:     155         1.0000        92.5291

QMENERGY:     156         1.0000        92.7713

QMENERGY:     157         1.0000        93.0824

QMENERGY:     158         1.0000        93.4876

QMENERGY:     159         1.0000        93.9575

QMENERGY:     160         1.0000        94.4079

QMENERGY:     161         1.0000        94.8247

QMENERGY:     162         1.0000        95.2394

QMENERGY:     163         1.0000        95.5234

QMENERGY:     164         1.0000        95.7621

QMENERGY:     165         1.0000        95.9515

QMENERGY:     166         1.0000        96.0519

QMENERGY:     167         1.0000        96.0469

QMENERGY:     168         1.0000        95.9562

QMENERGY:     169         1.0000        95.7876

QMENERGY:     170         1.0000        95.5995

QMENERGY:     171         1.0000        95.3772

QMENERGY:     172         1.0000        95.1748

QMENERGY:     173         1.0000        95.0377

QMENERGY:     174         1.0000        95.0008

QMENERGY:     175         1.0000        95.0921

QMENERGY:     176         1.0000        95.3264

QMENERGY:     177         1.0000        95.7790

QMENERGY:     178         1.0000        96.4308

QMENERGY:     179         1.0000        97.2749

QMENERGY:     180         1.0000        98.2654

QMENERGY:     181         1.0000        99.3340

QMENERGY:     182         1.0000       100.4281

QMENERGY:     183         1.0000       101.4418

QMENERGY:     184         1.0000       102.3585

QMENERGY:     185         1.0000       103.1064

QMENERGY:     186         1.0000       103.6477

QMENERGY:     187         1.0000       104.0332

QMENERGY:     188         1.0000       104.2435

QMENERGY:     189         1.0000       104.2707

QMENERGY:     190         1.0000       104.1894

QMENERGY:     191         1.0000       103.9909

QMENERGY:     192         1.0000       103.7233

QMENERGY:     193         1.0000       103.3932

QMENERGY:     194         1.0000       102.9958

QMENERGY:     195         1.0000       102.5273

QMENERGY:     196         1.0000       102.0266

QMENERGY:     197         1.0000       101.5117

QMENERGY:     198         1.0000       100.9879

QMENERGY:     199         1.0000       100.4369

QMENERGY:     200         1.0000        99.9116

TIMING: 200  CPU: 4.32839, 0.00599124/step  Wall: 4.33098, 0.00582897/step, 0.000485747 hours remaining, 9.243191 MB of memory in use.
PERFORMANCE: 200  averaging 4.99815 ns/day, 0.0172864 sec/step with standard deviation 0.0162032
ENERGY:     200         0.0000         0.0000         0.0000         0.0000              0.0000         0.0000         0.0000        99.9116        26.1996            126.1111       439.4743        99.9116       126.1990       565.0631

QMENERGY:     201         1.0000        99.3875

QMENERGY:     202         1.0000        98.8451

QMENERGY:     203         1.0000        98.3705

QMENERGY:     204         1.0000        97.9575

QMENERGY:     205         1.0000        97.6219

QMENERGY:     206         1.0000        97.3992

QMENERGY:     207         1.0000        97.2919

QMENERGY:     208         1.0000        97.3391

QMENERGY:     209         1.0000        97.5209

QMENERGY:     210         1.0000        97.8385

QMENERGY:     211         1.0000        98.2183

QMENERGY:     212         1.0000        98.6310

QMENERGY:     213         1.0000        98.9867

QMENERGY:     214         1.0000        99.3002

QMENERGY:     215         1.0000        99.5820

QMENERGY:     216         1.0000        99.8073

QMENERGY:     217         1.0000        99.9695

QMENERGY:     218         1.0000       100.0699

QMENERGY:     219         1.0000       100.1311

QMENERGY:     220         1.0000       100.1268

QMENERGY:     221         1.0000       100.1052

QMENERGY:     222         1.0000       100.0455

QMENERGY:     223         1.0000        99.9544

QMENERGY:     224         1.0000        99.7893

QMENERGY:     225         1.0000        99.5491

QMENERGY:     226         1.0000        99.2508

QMENERGY:     227         1.0000        98.8476

QMENERGY:     228         1.0000        98.3499

QMENERGY:     229         1.0000        97.7322

QMENERGY:     230         1.0000        97.0753

QMENERGY:     231         1.0000        96.4347

QMENERGY:     232         1.0000        95.8541

QMENERGY:     233         1.0000        95.3305

QMENERGY:     234         1.0000        94.8755

QMENERGY:     235         1.0000        94.4788

QMENERGY:     236         1.0000        94.1318

QMENERGY:     237         1.0000        93.8671

QMENERGY:     238         1.0000        93.7181

QMENERGY:     239         1.0000        93.6370

QMENERGY:     240         1.0000        93.6673

QMENERGY:     241         1.0000        93.7814

QMENERGY:     242         1.0000        94.0667

QMENERGY:     243         1.0000        94.5042

QMENERGY:     244         1.0000        95.0585

QMENERGY:     245         1.0000        95.6722

QMENERGY:     246         1.0000        96.2920

QMENERGY:     247         1.0000        96.9117

QMENERGY:     248         1.0000        97.5006

QMENERGY:     249         1.0000        97.9754

QMENERGY:     250         1.0000        98.3921

QMENERGY:     251         1.0000        98.6741

QMENERGY:     252         1.0000        98.8453

QMENERGY:     253         1.0000        98.8981

QMENERGY:     254         1.0000        98.8047

QMENERGY:     255         1.0000        98.6541

QMENERGY:     256         1.0000        98.4264

QMENERGY:     257         1.0000        98.1704

QMENERGY:     258         1.0000        97.9397

QMENERGY:     259         1.0000        97.7551

QMENERGY:     260         1.0000        97.6334

QMENERGY:     261         1.0000        97.5783

QMENERGY:     262         1.0000        97.5303

QMENERGY:     263         1.0000        97.5064

QMENERGY:     264         1.0000        97.4768

QMENERGY:     265         1.0000        97.3584

QMENERGY:     266         1.0000        97.1758

QMENERGY:     267         1.0000        96.9053

QMENERGY:     268         1.0000        96.5867

QMENERGY:     269         1.0000        96.2632

QMENERGY:     270         1.0000        96.0309

QMENERGY:     271         1.0000        95.8308

QMENERGY:     272         1.0000        95.6956

QMENERGY:     273         1.0000        95.6169

QMENERGY:     274         1.0000        95.5680

QMENERGY:     275         1.0000        95.5431

QMENERGY:     276         1.0000        95.4939

QMENERGY:     277         1.0000        95.4238

QMENERGY:     278         1.0000        95.3442

QMENERGY:     279         1.0000        95.2074

QMENERGY:     280         1.0000        94.9982

QMENERGY:     281         1.0000        94.7369

QMENERGY:     282         1.0000        94.4673

QMENERGY:     283         1.0000        94.1959

QMENERGY:     284         1.0000        93.9905

QMENERGY:     285         1.0000        93.8602

QMENERGY:     286         1.0000        93.8306

QMENERGY:     287         1.0000        93.8410

QMENERGY:     288         1.0000        93.9666

QMENERGY:     289         1.0000        94.1991

QMENERGY:     290         1.0000        94.6127

QMENERGY:     291         1.0000        95.1644

QMENERGY:     292         1.0000        95.8572

QMENERGY:     293         1.0000        96.5909

QMENERGY:     294         1.0000        97.2522

QMENERGY:     295         1.0000        97.8554

QMENERGY:     296         1.0000        98.3181

QMENERGY:     297         1.0000        98.5837

QMENERGY:     298         1.0000        98.7469

QMENERGY:     299         1.0000        98.7578

QMENERGY:     300         1.0000        98.6124

TIMING: 300  CPU: 4.92143, 0.0059304/step  Wall: 4.90797, 0.00576991/step, 0.00032055 hours remaining, 9.243191 MB of memory in use.
PERFORMANCE: 300  averaging 6.42496 ns/day, 0.0134476 sec/step with standard deviation 0.013247
ENERGY:     300         0.0000         0.0000         0.0000         0.0000              0.0000         0.0000         0.0000        98.6124        23.2841            121.8965       390.5700        98.6124       121.7327       449.8948

QMENERGY:     301         1.0000        98.4108

QMENERGY:     302         1.0000        98.0709

QMENERGY:     303         1.0000        97.6975

QMENERGY:     304         1.0000        97.2223

QMENERGY:     305         1.0000        96.6234

QMENERGY:     306         1.0000        95.9132

QMENERGY:     307         1.0000        95.1188

QMENERGY:     308         1.0000        94.3341

QMENERGY:     309         1.0000        93.6207

QMENERGY:     310         1.0000        93.1002

QMENERGY:     311         1.0000        92.7876

QMENERGY:     312         1.0000        92.7367

QMENERGY:     313         1.0000        92.8598

QMENERGY:     314         1.0000        92.9878

QMENERGY:     315         1.0000        92.9908

QMENERGY:     316         1.0000        92.7622

QMENERGY:     317         1.0000        92.4337

QMENERGY:     318         1.0000        92.1135

QMENERGY:     319         1.0000        91.9786

QMENERGY:     320         1.0000        92.2448

QMENERGY:     321         1.0000        92.9200

QMENERGY:     322         1.0000        93.8234

QMENERGY:     323         1.0000        94.5965

QMENERGY:     324         1.0000        94.9910

QMENERGY:     325         1.0000        94.8874

QMENERGY:     326         1.0000        94.3690

QMENERGY:     327         1.0000        93.5285

QMENERGY:     328         1.0000        92.5724

QMENERGY:     329         1.0000        91.8293

QMENERGY:     330         1.0000        91.4253

QMENERGY:     331         1.0000        91.3904

QMENERGY:     332         1.0000        91.6095

QMENERGY:     333         1.0000        91.8390

QMENERGY:     334         1.0000        91.9999

QMENERGY:     335         1.0000        92.0199

QMENERGY:     336         1.0000        91.8384

QMENERGY:     337         1.0000        91.6308

QMENERGY:     338         1.0000        91.4598

QMENERGY:     339         1.0000        91.3780

QMENERGY:     340         1.0000        91.4157

QMENERGY:     341         1.0000        91.5722

QMENERGY:     342         1.0000        91.7611

QMENERGY:     343         1.0000        91.8255

QMENERGY:     344         1.0000        91.7282

QMENERGY:     345         1.0000        91.4500

QMENERGY:     346         1.0000        90.9306

QMENERGY:     347         1.0000        90.2191

QMENERGY:     348         1.0000        89.3323

QMENERGY:     349         1.0000        88.3599

QMENERGY:     350         1.0000        87.4483

QMENERGY:     351         1.0000        86.6877

QMENERGY:     352         1.0000        86.1596

QMENERGY:     353         1.0000        85.9207

QMENERGY:     354         1.0000        86.0034

QMENERGY:     355         1.0000        86.3761

QMENERGY:     356         1.0000        86.9970

QMENERGY:     357         1.0000        87.7588

QMENERGY:     358         1.0000        88.4903

QMENERGY:     359         1.0000        89.2114

QMENERGY:     360         1.0000        89.9042

QMENERGY:     361         1.0000        90.5258

QMENERGY:     362         1.0000        90.9666

QMENERGY:     363         1.0000        91.2228

QMENERGY:     364         1.0000        91.2620

QMENERGY:     365         1.0000        91.1575

QMENERGY:     366         1.0000        90.8335

QMENERGY:     367         1.0000        90.3751

QMENERGY:     368         1.0000        89.8763

QMENERGY:     369         1.0000        89.3823

QMENERGY:     370         1.0000        88.8642

QMENERGY:     371         1.0000        88.2965

QMENERGY:     372         1.0000        87.7243

QMENERGY:     373         1.0000        87.1714

QMENERGY:     374         1.0000        86.5915

QMENERGY:     375         1.0000        86.0052

QMENERGY:     376         1.0000        85.4221

QMENERGY:     377         1.0000        84.7995

QMENERGY:     378         1.0000        84.2312

QMENERGY:     379         1.0000        83.7710

QMENERGY:     380         1.0000        83.5463

QMENERGY:     381         1.0000        83.6378

QMENERGY:     382         1.0000        84.0588

QMENERGY:     383         1.0000        84.6776

QMENERGY:     384         1.0000        85.3482

QMENERGY:     385         1.0000        85.9213

QMENERGY:     386         1.0000        86.2831

QMENERGY:     387         1.0000        86.4124

QMENERGY:     388         1.0000        86.3037

QMENERGY:     389         1.0000        86.1120

QMENERGY:     390         1.0000        85.9244

QMENERGY:     391         1.0000        85.7789

QMENERGY:     392         1.0000        85.8033

QMENERGY:     393         1.0000        85.9327

QMENERGY:     394         1.0000        86.0938

QMENERGY:     395         1.0000        86.1811

QMENERGY:     396         1.0000        86.1063

QMENERGY:     397         1.0000        85.8535

QMENERGY:     398         1.0000        85.4798

QMENERGY:     399         1.0000        84.9950

QMENERGY:     400         1.0000        84.4726

TIMING: 400  CPU: 5.5348, 0.00613364/step  Wall: 5.50477, 0.00596796/step, 0.000165777 hours remaining, 9.243191 MB of memory in use.
PERFORMANCE: 400  averaging 7.46265 ns/day, 0.0115777 sec/step with standard deviation 0.0114444
ENERGY:     400         0.0000         0.0000         0.0000         0.0000              0.0000         0.0000         0.0000        84.4726        23.9710            108.4436       402.0923        84.4726       108.2100       440.4216

QMENERGY:     401         1.0000        83.9473

QMENERGY:     402         1.0000        83.5269

QMENERGY:     403         1.0000        83.2506

QMENERGY:     404         1.0000        83.1048

QMENERGY:     405         1.0000        83.1243

QMENERGY:     406         1.0000        83.2195

QMENERGY:     407         1.0000        83.3071

QMENERGY:     408         1.0000        83.3896

QMENERGY:     409         1.0000        83.4174

QMENERGY:     410         1.0000        83.4348

QMENERGY:     411         1.0000        83.4981

QMENERGY:     412         1.0000        83.5788

QMENERGY:     413         1.0000        83.7069

QMENERGY:     414         1.0000        83.8563

QMENERGY:     415         1.0000        84.0332

QMENERGY:     416         1.0000        84.1475

QMENERGY:     417         1.0000        84.3267

QMENERGY:     418         1.0000        84.5073

QMENERGY:     419         1.0000        84.6863

QMENERGY:     420         1.0000        84.8383

QMENERGY:     421         1.0000        84.9466

QMENERGY:     422         1.0000        85.0089

QMENERGY:     423         1.0000        84.9586

QMENERGY:     424         1.0000        84.8073

QMENERGY:     425         1.0000        84.5951

QMENERGY:     426         1.0000        84.3113

QMENERGY:     427         1.0000        84.0769

QMENERGY:     428         1.0000        83.9061

QMENERGY:     429         1.0000        83.8238

QMENERGY:     430         1.0000        83.7953

QMENERGY:     431         1.0000        83.7776

QMENERGY:     432         1.0000        83.7232

QMENERGY:     433         1.0000        83.5196

QMENERGY:     434         1.0000        83.2133

QMENERGY:     435         1.0000        82.7523

QMENERGY:     436         1.0000        82.2473

QMENERGY:     437         1.0000        81.8558

QMENERGY:     438         1.0000        81.6732

QMENERGY:     439         1.0000        81.7053

QMENERGY:     440         1.0000        81.9599

QMENERGY:     441         1.0000        82.3646

QMENERGY:     442         1.0000        82.8816

QMENERGY:     443         1.0000        83.4050

QMENERGY:     444         1.0000        83.8264

QMENERGY:     445         1.0000        84.1309

QMENERGY:     446         1.0000        84.3203

QMENERGY:     447         1.0000        84.4200

QMENERGY:     448         1.0000        84.5218

QMENERGY:     449         1.0000        84.6690

QMENERGY:     450         1.0000        84.9540

QMENERGY:     451         1.0000        85.3523

QMENERGY:     452         1.0000        85.7191

QMENERGY:     453         1.0000        86.0611

QMENERGY:     454         1.0000        86.2489

QMENERGY:     455         1.0000        86.3229

QMENERGY:     456         1.0000        86.2317

QMENERGY:     457         1.0000        86.0113

QMENERGY:     458         1.0000        85.7420

QMENERGY:     459         1.0000        85.3927

QMENERGY:     460         1.0000        85.1085

QMENERGY:     461         1.0000        84.9815

QMENERGY:     462         1.0000        85.0227

QMENERGY:     463         1.0000        85.1463

QMENERGY:     464         1.0000        85.2817

QMENERGY:     465         1.0000        85.3393

QMENERGY:     466         1.0000        85.2483

QMENERGY:     467         1.0000        84.9294

QMENERGY:     468         1.0000        84.4008

QMENERGY:     469         1.0000        83.8303

QMENERGY:     470         1.0000        83.3773

QMENERGY:     471         1.0000        83.2086

QMENERGY:     472         1.0000        83.4063

QMENERGY:     473         1.0000        83.8627

QMENERGY:     474         1.0000        84.4450

QMENERGY:     475         1.0000        84.9125

QMENERGY:     476         1.0000        85.1392

QMENERGY:     477         1.0000        85.0619

QMENERGY:     478         1.0000        84.6058

QMENERGY:     479         1.0000        83.8027

QMENERGY:     480         1.0000        82.7643

QMENERGY:     481         1.0000        81.6569

QMENERGY:     482         1.0000        80.6748

QMENERGY:     483         1.0000        80.0208

QMENERGY:     484         1.0000        79.8954

QMENERGY:     485         1.0000        80.2346

QMENERGY:     486         1.0000        81.0223

QMENERGY:     487         1.0000        82.0700

QMENERGY:     488         1.0000        83.1787

QMENERGY:     489         1.0000        84.0104

QMENERGY:     490         1.0000        84.4742

QMENERGY:     491         1.0000        84.3605

QMENERGY:     492         1.0000        83.7233

QMENERGY:     493         1.0000        82.6992

QMENERGY:     494         1.0000        81.5841

QMENERGY:     495         1.0000        80.5774

QMENERGY:     496         1.0000        80.0859

QMENERGY:     497         1.0000        80.3679

QMENERGY:     498         1.0000        81.4160

QMENERGY:     499         1.0000        82.8773

LDB: ============= START OF LOAD BALANCING ============== 6.21215
LDB: ============== END OF LOAD BALANCING =============== 6.21218
LDB: =============== DONE WITH MIGRATION ================ 6.21223
QMENERGY:     500         1.0000        84.3392

Info: Initial time: 1 CPUs 0.0106802 s/step 0.123613 days/ns 9.24319 MB memory
TIMING: 500  CPU: 6.26396, 0.00729163/step  Wall: 6.21403, 0.00709261/step, 0 hours remaining, 9.243191 MB of memory in use.
PERFORMANCE: 500  averaging 8.08939 ns/day, 0.0106807 sec/step with standard deviation 0.0101121
ENERGY:     500         0.0000         0.0000         0.0000         0.0000              0.0000         0.0000         0.0000        84.3392        19.6590            103.9982       329.7621        84.3392       103.8996       417.9126

WRITING EXTENDED SYSTEM TO OUTPUT FILE AT STEP 500
WRITING COORDINATES TO OUTPUT FILE AT STEP 500
COORDINATE DCD FILE bench.0.dcd WAS NOT CREATED
The last position output (seq=-2) takes 0.000 seconds, 9.243 MB of memory in use
WRITING VELOCITIES TO OUTPUT FILE AT STEP 500
The last velocity output (seq=-2) takes 0.000 seconds, 9.243 MB of memory in use
====================================================

WallClock: 6.220586  CPUTime: 6.270718  Memory: 9.243191 MB
[Partition 0][Node 0] End of program
