Charm++: standalone mode (not using charmrun)
Charm++> Running in non-SMP mode: 1 processes (PEs)
Charm++> Using recursive bisection (scheme 3) for topology aware partitions
Converse/Charm++ Commit ID: v80000
Charm++> scheduler running in netpoll mode.
CharmLB> Load balancer assumes all CPUs are same.
Charm++> Running on 1 hosts (1 sockets x 8 cores x 2 PUs = 16-way SMP)
Charm++> cpu topology info is gathered in 0.000 seconds.
CharmLB> Load balancing instrumentation for communication is off.
Info: NAMD 3.1alpha4pre for Linux-x86_64-netlrts
Info: 
Info: Please visit http://www.ks.uiuc.edu/Research/namd/
Info: for updates, documentation, and support information.
Info: 
Info: Please cite Phillips et al., J. Chem. Phys. 153:044130 (2020) doi:10.1063/5.0014475
Info: in all publications reporting results obtained with NAMD.
Info: 
Info: Based on Charm++/Converse 80000 for netlrts-linux-x86_64
Info: Built Tue Jun 2 11:05:04 CEST 2026 by rat on Cerb
Info: 1 NAMD  3.1alpha4pre  Linux-x86_64-netlrts  1    Cerb  rat
Info: Running on 1 processors, 1 nodes, 1 physical nodes.
Info: CPU topology information available.
Info: Charm++/Converse parallel runtime startup completed at 0.00305805 s
Info: 469.098 MB of memory in use based on /proc/self/stat
Info: Configuration file is bench.conf
Info: Working in the current directory /home/rat/PycharmProjects/ML_models_NAMD/namd_benchmarks/runs/mace/w10_30atoms/walk0
TCL: Suspending until startup complete.
Warning: Option "1-4scaling" has been deprecated. Instead use "oneFourScaling".
Info: SIMULATION PARAMETERS:
Info: TIMESTEP               1
Info: NUMBER OF STEPS        0
Info: STEPS PER CYCLE        100
Info: LOAD BALANCER  Centralized
Info: LOAD BALANCING STRATEGY  New Load Balancers -- DEFAULT
Info: LDB PERIOD             20000 steps
Info: FIRST LDB TIMESTEP     500
Info: LAST LDB TIMESTEP     -1
Info: LDB BACKGROUND SCALING 1
Info: HOM BACKGROUND SCALING 1
Info: MIN ATOMS PER PATCH    40
Info: EMPTY PATCH LOAD       40 ATOMS
Info: INITIAL TEMPERATURE    300
Info: CENTER OF MASS MOVING INITIALLY? NO
Info: DIELECTRIC             1
Info: EXCLUDE                SCALED ONE-FOUR
Info: 1-4 ELECTROSTATICS SCALED BY 0.833333
Info: MODIFIED 1-4 VDW PARAMETERS WILL BE USED
Info: DCD FILENAME           bench.dcd
Info: DCD FREQUENCY          1000000
Info: DCD FIRST STEP         1000000
Info: NO EXTENDED SYSTEM TRAJECTORY OUTPUT
Info: NO VELOCITY DCD OUTPUT
Info: NO FORCE DCD OUTPUT
Info: OUTPUT FILENAME        bench
Info: RESTART FILENAME       bench.restart
Info: RESTART FREQUENCY      1000000
Info: NAMD will save positions and velocities to bench.crash.csv when  atoms are moving too fast.
Info: SWITCHING ACTIVE
Info: SWITCHING ON           10
Info: SWITCHING OFF          12
Info: PAIRLIST DISTANCE      14
Info: PAIRLIST SHRINK RATE   0.01
Info: PAIRLIST GROW RATE     0.01
Info: PAIRLIST TRIGGER       0.3
Info: PAIRLISTS PER CYCLE    2
Info: PAIRLISTS ENABLED
Info: MARGIN                 0
Info: HYDROGEN GROUP CUTOFF  2.5
Info: PATCH DIMENSION        16.5
Info: ENERGY OUTPUT STEPS    100
Info: ENERGY EVALUATION STEPS    100
Info: OUTPUT ENERGY PRECISION 4
Info: CROSSTERM ENERGY INCLUDED IN DIHEDRAL
Info: TIMING OUTPUT STEPS    100
Info: QM FORCES ACTIVE
Info: QM PDB PARAMETER FILE: /home/rat/PycharmProjects/ML_models_NAMD/namd_benchmarks/systems/w10_30atoms/qm.pdb
Info: QM SOFTWARE: mlff
Info: QM ATOM CHARGES FROM QM SOFTWARE: NONE
Info: QM EXECUTABLE PATH: /home/rat/PycharmProjects/ML_models_NAMD/namd_benchmarks/models/mace_off23.pt
Info: QM COLUMN: beta
Info: QM WILL DETECT BONDS BETWEEN QM AND MM ATOMS.
Info: QM BOND COLUMN: occ
Info: QM-MM BOND SCHEME: Charge Shift.
Info: QM BASE DIRECTORY: /tmp/namd_bench_qmmm
Info: QM FORCES WILL REPLACE ALL NAMD FORCES!
Info: QM POINT CHARGES WILL BE SELECTED EVERY 1 STEPS.
Info: QM executions per node: 1
Info: LANGEVIN DYNAMICS ACTIVE
Info: LANGEVIN TEMPERATURE   300
Info: LANGEVIN USING BBK INTEGRATOR
Info: LANGEVIN DAMPING COEFFICIENT IS 5 INVERSE PS
Info: LANGEVIN DYNAMICS APPLIED TO HYDROGENS
Info: USING VERLET I (r-RESPA) MTS SCHEME.
Info: C1 SPLITTING OF LONG RANGE ELECTROSTATICS
Info: PLACING ATOMS IN PATCHES BY HYDROGEN GROUPS
Info: RIGID BONDS TO HYDROGEN : ALL
Info:         ERROR TOLERANCE : 1e-08
Info:          MAX ITERATIONS : 100
Info: RIGID WATER USING SETTLE ALGORITHM
Info: RANDOM NUMBER SEED     1780435167
Info: USE HYDROGEN BONDS?    NO
Info: Using AMBER format force field!
Info: AMBER PARM FILE        /home/rat/PycharmProjects/ML_models_NAMD/namd_benchmarks/systems/w10_30atoms/water.prmtop
Info: COORDINATE PDB         /home/rat/PycharmProjects/ML_models_NAMD/namd_benchmarks/systems/w10_30atoms/water.pdb
Info: Exclusions will be read from PARM file!
Info: SCNB (VDW SCALING)     2
Info: USING ARITHMETIC MEAN TO COMBINE L-J SIGMA PARAMETERS
Info: === Start reading AMBER parm7 format file /home/rat/PycharmProjects/ML_models_NAMD/namd_benchmarks/systems/w10_30atoms/water.prmtop ===
Info: Complete reading ATOM_NAME with 30 fields.
Info: Complete reading CHARGE with 30 fields.
Info: Complete reading ATOMIC_NUMBER with 30 fields.
Info: Complete reading MASS with 30 fields.
Info: Complete reading ATOM_TYPE_INDEX with 30 fields.
Info: Complete reading NUMBER_EXCLUDED_ATOMS with 30 fields.
Info: Complete reading NONBONDED_PARM_INDEX with 4 fields.
Info: Complete reading RESIDUE_LABEL with 10 fields.
Info: Complete reading RESIDUE_POINTER with 10 fields.
Info: Complete reading BOND_FORCE_CONSTANT with 2 fields.
Info: Complete reading BOND_EQUIL_VALUE with 2 fields.
Info: Complete reading ANGLE_FORCE_CONSTANT with 0 fields.
Info: Complete reading ANGLE_EQUIL_VALUE with 0 fields.
Info: Complete reading DIHEDRAL_FORCE_CONSTANT with 0 fields.
Info: Complete reading DIHEDRAL_PERIODICITY with 0 fields.
Info: Complete reading DIHEDRAL_PHASE with 0 fields.
Info: Complete reading SCEE_SCALE_FACTOR with 0 fields.
Info: Complete reading SCNB_SCALE_FACTOR with 0 fields.
Info: Complete reading LENNARD_JONES_ACOEF with 3 fields.
Info: Complete reading LENNARD_JONES_BCOEF with 3 fields.
Info: Complete reading BONDS_INC_HYDROGEN with 90 fields.
Info: Complete reading BONDS_WITHOUT_HYDROGEN with 0 fields.
Info: Complete reading ANGLES_INC_HYDROGEN with 0 fields.
Info: Complete reading ANGLES_WITHOUT_HYDROGEN with 0 fields.
Info: Complete reading DIHEDRALS_INC_HYDROGEN with 0 fields.
Info: Complete reading DIHEDRALS_WITHOUT_HYDROGEN with 0 fields.
Info: Complete reading EXCLUDED_ATOMS_LIST with 40 fields.
Info: Complete reading HBOND_ACOEF with 0 fields.
Info: Complete reading HBOND_BCOEF with 0 fields.
Info: Complete reading AMBER_ATOM_TYPE with 30 fields.
Info: Complete reading TREE_CHAIN_CLASSIFICATION with 30 fields.
Info: Complete reading RADIUS_SET with 1 fields.
Info: Complete reading RADII with 30 fields.
Info: Complete reading SCREEN with 30 fields.
Info: === Finish reading AMBER parm7 format file. ===
Warning: Found 10 H-H bonds.
Info: No lone pairs detected in waters
Info: SUMMARY OF PARAMETERS:
Info: 2 BONDS
Info: 0 ANGLES
Info: 0 DIHEDRAL
Info: 0 IMPROPER
Info: 0 CROSSTERM
Info: 0 VDW
Info: 3 VDW_PAIRS
Info: 0 NBTHOLE_PAIRS
Info: Reading pdb file /home/rat/PycharmProjects/ML_models_NAMD/namd_benchmarks/systems/w10_30atoms/water.pdb
Info: TIME FOR READING PDB FILE: 0.000292112
Info: 
Info: Using the following PDB file for QM parameters: /home/rat/PycharmProjects/ML_models_NAMD/namd_benchmarks/systems/w10_30atoms/qm.pdb
Info: Number of QM atoms (excluding Dummy atoms): 30
Info: Storing QM-MM bonds.
Warning: We found 0 QM-MM bonds.
Info: Applying user defined multiplicity 1 to QM group ID 1
Info: 1) Group ID: 1 ; Group size: 30 atoms ; Total PSF charge: 0
Info: Found user defined charge 0 for QM group ID 1. Will ignore PSF charge.
Info: ****************************
Info: STRUCTURE SUMMARY:
Info: 30 ATOMS
Info: 30 BONDS
Info: 0 ANGLES
Info: 0 DIHEDRALS
Info: 0 IMPROPERS
Info: 0 CROSSTERMS
Info: 30 EXCLUSIONS
Info: 30 RIGID BONDS
Info: 60 DEGREES OF FREEDOM
Info: 10 HYDROGEN GROUPS
Info: 3 ATOMS IN LARGEST HYDROGEN GROUP
Info: 10 MIGRATION GROUPS
Info: 3 ATOMS IN LARGEST MIGRATION GROUP
Info: TOTAL MASS = 180.16 amu
Info: TOTAL CHARGE = 0 e
Info: *****************************
Info: 
Info: Entering startup at 0.00858215 s, 8.74328 MB of memory in use
Info: Startup phase 0 took 5.0729e-05 s, 8.74328 MB of memory in use
Info: The QM region will remove 30 bonds, 0 angles, 0 dihedrals, 0 impropers and 0 crossterms.
Info: ADDED 0 IMPLICIT EXCLUSIONS
Info: Startup phase 1 took 7.8712e-05 s, 8.74328 MB of memory in use
Info: NONBONDED TABLE R-SQUARED SPACING: 0.0625
Info: NONBONDED TABLE SIZE: 769 POINTS
Info: ABSOLUTE IMPRECISION IN FAST TABLE ENERGY: 1.69407e-21 AT 11.9974
Info: RELATIVE IMPRECISION IN FAST TABLE ENERGY: 1.13046e-16 AT 11.9974
Info: INCONSISTENCY IN FAST TABLE ENERGY VS FORCE: 0.000290274 AT 0.251946
Info: INCONSISTENCY IN VDWA TABLE ENERGY VS FORCE: 0.0040507 AT 0.251946
Info: INCONSISTENCY IN VDWB TABLE ENERGY VS FORCE: 0.00150189 AT 0.251946
Info: Startup phase 2 took 0.00031731 s, 8.74328 MB of memory in use
Info: Startup phase 3 took 2.0674e-05 s, 8.74328 MB of memory in use
Info: Startup phase 4 took 1.6639e-05 s, 8.74328 MB of memory in use
Info: Startup phase 5 took 1.5614e-05 s, 8.74328 MB of memory in use
Info: ORIGINAL ATOMS MINMAX IS 0.478 -0.053 -0.066  7.929 8.656 7.494
Info: ADJUSTED ATOMS MINMAX IS 0.26925 -1.006 0.243  8.17675 8.844 7.783
Info: PATCH GRID IS 1 BY 1 BY 1
Info: PATCH GRID IS 1-AWAY BY 1-AWAY BY 1-AWAY
Info: REMOVING COM VELOCITY -0.338184 -2.18292 0.0122069
Info: LARGEST PATCH (0) HAS 30 ATOMS
Info: TORUS A SIZE 1 USING 0
Info: TORUS B SIZE 1 USING 0
Info: TORUS C SIZE 1 USING 0
Info: TORUS MINIMAL MESH SIZE IS 1 BY 1 BY 1
Info: Placed 100% of base nodes on same physical node as patch
Info: Startup phase 6 took 0.000104047 s, 8.74328 MB of memory in use
Info: Startup phase 7 took 1.9062e-05 s, 8.74328 MB of memory in use
Info: Startup phase 8 took 1.5946e-05 s, 8.74328 MB of memory in use
Info: Startup phase 9 took 1.5555e-05 s, 8.74328 MB of memory in use
Info: Startup phase 10 took 1.4988e-05 s, 8.74328 MB of memory in use
Info: Startup phase 11 took 1.5613e-05 s, 8.74328 MB of memory in use
LDB: Central LB being created...
Info: Startup phase 12 took 2.7192e-05 s, 8.74328 MB of memory in use
Info: Startup phase 13 took 1.6913e-05 s, 8.74328 MB of memory in use
Info: Startup phase 14 took 1.5418e-05 s, 8.74328 MB of memory in use
Info: Startup phase 15 took 1.5369e-05 s, 8.74328 MB of memory in use
Info: CREATING 13 COMPUTE OBJECTS
Info: Startup phase 16 took 0.000115518 s, 8.74328 MB of memory in use
Info: Startup phase 17 took 2.128e-05 s, 8.74328 MB of memory in use
Info: Startup phase 18 took 2.3547e-05 s, 8.74328 MB of memory in use
Info: Finished startup at 0.00950228 s, 8.74328 MB of memory in use

TCL: Running for 500 steps
Info: List of ranks running QM simulations: 0.
Info: MLFF: loaded model from /home/rat/PycharmProjects/ML_models_NAMD/namd_benchmarks/models/mace_off23.pt
Info: MLFF: batched inference ENABLED (forward_batch detected), expected batch size = 1 walkers.
QMENERGY:       0         1.0000   -479942.8250

ETITLE:      TS           BOND          ANGLE          DIHED          IMPRP               ELECT            VDW       BOUNDARY           MISC        KINETIC               TOTAL           TEMP      POTENTIAL         TOTAL3        TEMPAVG

QMETITLE:      TS           QMID         ENERGY

ENERGY:       0         0.0000         0.0000         0.0000         0.0000              0.0000         0.0000         0.0000   -479942.8250        11.8319        -479930.9931       198.4695   -479942.8250   -479930.9833       198.4695

QMENERGY:       1         1.0000   -479942.8585

QMENERGY:       2         1.0000   -479943.1570

QMENERGY:       3         1.0000   -479943.6552

QMENERGY:       4         1.0000   -479944.3819

QMENERGY:       5         1.0000   -479945.2839

QMENERGY:       6         1.0000   -479946.3453

QMENERGY:       7         1.0000   -479947.5277

QMENERGY:       8         1.0000   -479948.9014

QMENERGY:       9         1.0000   -479950.4112

QMENERGY:      10         1.0000   -479952.0168

QMENERGY:      11         1.0000   -479953.7346

QMENERGY:      12         1.0000   -479955.4572

QMENERGY:      13         1.0000   -479957.1738

QMENERGY:      14         1.0000   -479958.9191

QMENERGY:      15         1.0000   -479960.6992

QMENERGY:      16         1.0000   -479962.4037

QMENERGY:      17         1.0000   -479964.0285

QMENERGY:      18         1.0000   -479965.5786

QMENERGY:      19         1.0000   -479967.0363

QMENERGY:      20         1.0000   -479968.3753

QMENERGY:      21         1.0000   -479969.5735

QMENERGY:      22         1.0000   -479970.5700

QMENERGY:      23         1.0000   -479971.3362

QMENERGY:      24         1.0000   -479971.8523

QMENERGY:      25         1.0000   -479972.1551

QMENERGY:      26         1.0000   -479972.2660

QMENERGY:      27         1.0000   -479972.1754

QMENERGY:      28         1.0000   -479971.9620

QMENERGY:      29         1.0000   -479971.7317

QMENERGY:      30         1.0000   -479971.4572

QMENERGY:      31         1.0000   -479971.2329

QMENERGY:      32         1.0000   -479971.0016

QMENERGY:      33         1.0000   -479970.7668

QMENERGY:      34         1.0000   -479970.5614

QMENERGY:      35         1.0000   -479970.3401

QMENERGY:      36         1.0000   -479970.1354

QMENERGY:      37         1.0000   -479969.9367

QMENERGY:      38         1.0000   -479969.6321

QMENERGY:      39         1.0000   -479969.2678

QMENERGY:      40         1.0000   -479968.8745

QMENERGY:      41         1.0000   -479968.4960

QMENERGY:      42         1.0000   -479968.1496

QMENERGY:      43         1.0000   -479967.8862

QMENERGY:      44         1.0000   -479967.6317

QMENERGY:      45         1.0000   -479967.4586

QMENERGY:      46         1.0000   -479967.3304

QMENERGY:      47         1.0000   -479967.2457

QMENERGY:      48         1.0000   -479967.2312

QMENERGY:      49         1.0000   -479967.2794

QMENERGY:      50         1.0000   -479967.3730

QMENERGY:      51         1.0000   -479967.5330

QMENERGY:      52         1.0000   -479967.7522

QMENERGY:      53         1.0000   -479968.0186

QMENERGY:      54         1.0000   -479968.3206

QMENERGY:      55         1.0000   -479968.6211

QMENERGY:      56         1.0000   -479968.9611

QMENERGY:      57         1.0000   -479969.3236

QMENERGY:      58         1.0000   -479969.7052

QMENERGY:      59         1.0000   -479970.0765

QMENERGY:      60         1.0000   -479970.4475

QMENERGY:      61         1.0000   -479970.7708

QMENERGY:      62         1.0000   -479971.1106

QMENERGY:      63         1.0000   -479971.4291

QMENERGY:      64         1.0000   -479971.7792

QMENERGY:      65         1.0000   -479972.0884

QMENERGY:      66         1.0000   -479972.3795

QMENERGY:      67         1.0000   -479972.6406

QMENERGY:      68         1.0000   -479972.8830

QMENERGY:      69         1.0000   -479973.1180

QMENERGY:      70         1.0000   -479973.3391

QMENERGY:      71         1.0000   -479973.5493

QMENERGY:      72         1.0000   -479973.7228

QMENERGY:      73         1.0000   -479973.9194

QMENERGY:      74         1.0000   -479974.1325

QMENERGY:      75         1.0000   -479974.3762

QMENERGY:      76         1.0000   -479974.6181

QMENERGY:      77         1.0000   -479974.8602

QMENERGY:      78         1.0000   -479975.0996

QMENERGY:      79         1.0000   -479975.3377

QMENERGY:      80         1.0000   -479975.5501

QMENERGY:      81         1.0000   -479975.7612

QMENERGY:      82         1.0000   -479975.9468

QMENERGY:      83         1.0000   -479976.0938

QMENERGY:      84         1.0000   -479976.1882

QMENERGY:      85         1.0000   -479976.2382

QMENERGY:      86         1.0000   -479976.2163

QMENERGY:      87         1.0000   -479976.0854

QMENERGY:      88         1.0000   -479975.8593

QMENERGY:      89         1.0000   -479975.5473

QMENERGY:      90         1.0000   -479975.1460

QMENERGY:      91         1.0000   -479974.6531

QMENERGY:      92         1.0000   -479974.1157

QMENERGY:      93         1.0000   -479973.5544

QMENERGY:      94         1.0000   -479973.0094

QMENERGY:      95         1.0000   -479972.4897

QMENERGY:      96         1.0000   -479971.9894

QMENERGY:      97         1.0000   -479971.5245

QMENERGY:      98         1.0000   -479971.0805

MLFF TIMING [caller submit batch] n=100 avg_ms=0.023
MLFF TIMING [worker batch] n=100 avg_ms: queue_wait=0.263 collect_wait=0.000 h2d=0.000 forward=192.602 d2h=0.000 sync=0.000 split=0.030
MLFF TIMING [caller wait batch] n=100 avg_ms=192.675
MLFF TIMING [calcMLFF] n=100 avg_ms: pre=0.001 infer=192.700 post=0.008 send=0.003 total=206.547
MLFF TIMING [calcMLFF post] n=100 avg_ms: setup=0.006 coulomb=0.000 pme=0.000 charge_mode=0.002 virial=0.000
QMENERGY:      99         1.0000   -479970.6763

LDB: ============= START OF LOAD BALANCING ============== 20.6834
LDB: ============== END OF LOAD BALANCING =============== 20.6834
LDB: =============== DONE WITH MIGRATION ================ 20.6834
QMENERGY:     100         1.0000   -479970.3048

TIMING: 100  CPU: 21.2299, 0.184928/step  Wall: 20.7977, 0.179875/step, 0.0199861 hours remaining, 8.743282 MB of memory in use.
PERFORMANCE: 100  averaging 0.480333 ns/day, 0.179875 sec/step with standard deviation 0
ENERGY:     100         0.0000         0.0000         0.0000         0.0000              0.0000         0.0000         0.0000   -479970.3048        28.9499        -479941.3549       485.6085   -479970.3048   -479941.3581       529.1228

QMENERGY:     101         1.0000   -479969.9765

QMENERGY:     102         1.0000   -479969.6801

QMENERGY:     103         1.0000   -479969.4059

QMENERGY:     104         1.0000   -479969.1918

QMENERGY:     105         1.0000   -479969.0173

QMENERGY:     106         1.0000   -479968.8730

QMENERGY:     107         1.0000   -479968.7490

QMENERGY:     108         1.0000   -479968.6747

QMENERGY:     109         1.0000   -479968.6511

QMENERGY:     110         1.0000   -479968.6798

QMENERGY:     111         1.0000   -479968.7427

QMENERGY:     112         1.0000   -479968.8804

QMENERGY:     113         1.0000   -479969.0818

QMENERGY:     114         1.0000   -479969.2978

QMENERGY:     115         1.0000   -479969.5620

QMENERGY:     116         1.0000   -479969.8838

QMENERGY:     117         1.0000   -479970.2462

QMENERGY:     118         1.0000   -479970.6268

QMENERGY:     119         1.0000   -479971.0472

QMENERGY:     120         1.0000   -479971.5046

QMENERGY:     121         1.0000   -479971.9722

QMENERGY:     122         1.0000   -479972.4497

QMENERGY:     123         1.0000   -479972.9098

QMENERGY:     124         1.0000   -479973.3151

QMENERGY:     125         1.0000   -479973.7017

QMENERGY:     126         1.0000   -479974.0369

QMENERGY:     127         1.0000   -479974.3183

QMENERGY:     128         1.0000   -479974.5273

QMENERGY:     129         1.0000   -479974.6632

QMENERGY:     130         1.0000   -479974.7371

QMENERGY:     131         1.0000   -479974.7541

QMENERGY:     132         1.0000   -479974.6868

QMENERGY:     133         1.0000   -479974.5687

QMENERGY:     134         1.0000   -479974.3680

QMENERGY:     135         1.0000   -479974.1353

QMENERGY:     136         1.0000   -479973.8513

QMENERGY:     137         1.0000   -479973.5121

QMENERGY:     138         1.0000   -479973.1056

QMENERGY:     139         1.0000   -479972.6584

QMENERGY:     140         1.0000   -479972.2012

QMENERGY:     141         1.0000   -479971.7243

QMENERGY:     142         1.0000   -479971.2162

QMENERGY:     143         1.0000   -479970.7285

QMENERGY:     144         1.0000   -479970.2770

QMENERGY:     145         1.0000   -479969.8353

QMENERGY:     146         1.0000   -479969.4538

QMENERGY:     147         1.0000   -479969.1058

QMENERGY:     148         1.0000   -479968.7735

QMENERGY:     149         1.0000   -479968.4984

QMENERGY:     150         1.0000   -479968.2783

QMENERGY:     151         1.0000   -479968.1364

QMENERGY:     152         1.0000   -479968.0399

QMENERGY:     153         1.0000   -479967.9837

QMENERGY:     154         1.0000   -479967.9773

QMENERGY:     155         1.0000   -479968.0204

QMENERGY:     156         1.0000   -479968.1204

QMENERGY:     157         1.0000   -479968.2603

QMENERGY:     158         1.0000   -479968.4342

QMENERGY:     159         1.0000   -479968.6371

QMENERGY:     160         1.0000   -479968.8416

QMENERGY:     161         1.0000   -479969.0500

QMENERGY:     162         1.0000   -479969.2643

QMENERGY:     163         1.0000   -479969.4628

QMENERGY:     164         1.0000   -479969.6073

QMENERGY:     165         1.0000   -479969.6890

QMENERGY:     166         1.0000   -479969.7286

QMENERGY:     167         1.0000   -479969.7252

QMENERGY:     168         1.0000   -479969.6712

QMENERGY:     169         1.0000   -479969.6002

QMENERGY:     170         1.0000   -479969.5054

QMENERGY:     171         1.0000   -479969.3818

QMENERGY:     172         1.0000   -479969.2456

QMENERGY:     173         1.0000   -479969.1223

QMENERGY:     174         1.0000   -479969.0179

QMENERGY:     175         1.0000   -479968.9093

QMENERGY:     176         1.0000   -479968.8132

QMENERGY:     177         1.0000   -479968.7665

QMENERGY:     178         1.0000   -479968.7795

QMENERGY:     179         1.0000   -479968.8514

QMENERGY:     180         1.0000   -479968.9388

QMENERGY:     181         1.0000   -479969.0599

QMENERGY:     182         1.0000   -479969.1786

QMENERGY:     183         1.0000   -479969.3258

QMENERGY:     184         1.0000   -479969.4522

QMENERGY:     185         1.0000   -479969.6136

QMENERGY:     186         1.0000   -479969.7961

QMENERGY:     187         1.0000   -479969.9442

QMENERGY:     188         1.0000   -479970.1101

QMENERGY:     189         1.0000   -479970.2585

QMENERGY:     190         1.0000   -479970.4197

QMENERGY:     191         1.0000   -479970.5950

QMENERGY:     192         1.0000   -479970.7931

QMENERGY:     193         1.0000   -479971.0258

QMENERGY:     194         1.0000   -479971.2716

QMENERGY:     195         1.0000   -479971.5391

QMENERGY:     196         1.0000   -479971.8365

QMENERGY:     197         1.0000   -479972.1673

QMENERGY:     198         1.0000   -479972.4963

MLFF TIMING [caller submit batch] n=200 avg_ms=0.023
MLFF TIMING [worker batch] n=200 avg_ms: queue_wait=0.258 collect_wait=0.000 h2d=0.000 forward=161.797 d2h=0.000 sync=0.000 split=0.029
MLFF TIMING [caller wait batch] n=200 avg_ms=161.869
MLFF TIMING [calcMLFF] n=200 avg_ms: pre=0.001 infer=161.894 post=0.007 send=0.003 total=168.822
MLFF TIMING [calcMLFF post] n=200 avg_ms: setup=0.004 coulomb=0.000 pme=0.000 charge_mode=0.002 virial=0.000
QMENERGY:     199         1.0000   -479972.8450

QMENERGY:     200         1.0000   -479973.2107

TIMING: 200  CPU: 34.7079, 0.13478/step  Wall: 33.9392, 0.131415/step, 0.0109513 hours remaining, 8.743282 MB of memory in use.
PERFORMANCE: 200  averaging 0.555109 ns/day, 0.155645 sec/step with standard deviation 0.0342663
ENERGY:     200         0.0000         0.0000         0.0000         0.0000              0.0000         0.0000         0.0000   -479973.2107        25.5643        -479947.6464       428.8183   -479973.2107   -479947.8582       448.6925

QMENERGY:     201         1.0000   -479973.5947

QMENERGY:     202         1.0000   -479973.9835

QMENERGY:     203         1.0000   -479974.3803

QMENERGY:     204         1.0000   -479974.7611

QMENERGY:     205         1.0000   -479975.1464

QMENERGY:     206         1.0000   -479975.4873

QMENERGY:     207         1.0000   -479975.7840

QMENERGY:     208         1.0000   -479976.0432

QMENERGY:     209         1.0000   -479976.2934

QMENERGY:     210         1.0000   -479976.5263

QMENERGY:     211         1.0000   -479976.7173

QMENERGY:     212         1.0000   -479976.8502

QMENERGY:     213         1.0000   -479976.9428

QMENERGY:     214         1.0000   -479977.0271

QMENERGY:     215         1.0000   -479977.0771

QMENERGY:     216         1.0000   -479977.0783

QMENERGY:     217         1.0000   -479977.0271

QMENERGY:     218         1.0000   -479976.9142

QMENERGY:     219         1.0000   -479976.7585

QMENERGY:     220         1.0000   -479976.5609

QMENERGY:     221         1.0000   -479976.3532

QMENERGY:     222         1.0000   -479976.1255

QMENERGY:     223         1.0000   -479975.8896

QMENERGY:     224         1.0000   -479975.6244

QMENERGY:     225         1.0000   -479975.3638

QMENERGY:     226         1.0000   -479975.1032

QMENERGY:     227         1.0000   -479974.8872

QMENERGY:     228         1.0000   -479974.6943

QMENERGY:     229         1.0000   -479974.4691

QMENERGY:     230         1.0000   -479974.2840

QMENERGY:     231         1.0000   -479974.1007

QMENERGY:     232         1.0000   -479973.9233

QMENERGY:     233         1.0000   -479973.7751

QMENERGY:     234         1.0000   -479973.6310

QMENERGY:     235         1.0000   -479973.4982

QMENERGY:     236         1.0000   -479973.3997

QMENERGY:     237         1.0000   -479973.2920

QMENERGY:     238         1.0000   -479973.2010

QMENERGY:     239         1.0000   -479973.1139

QMENERGY:     240         1.0000   -479973.0406

QMENERGY:     241         1.0000   -479972.9743

QMENERGY:     242         1.0000   -479972.9064

QMENERGY:     243         1.0000   -479972.8868

QMENERGY:     244         1.0000   -479972.9376

QMENERGY:     245         1.0000   -479973.0167

QMENERGY:     246         1.0000   -479973.1289

QMENERGY:     247         1.0000   -479973.2411

QMENERGY:     248         1.0000   -479973.3754

QMENERGY:     249         1.0000   -479973.5761

QMENERGY:     250         1.0000   -479973.7968

QMENERGY:     251         1.0000   -479974.0947

QMENERGY:     252         1.0000   -479974.4513

QMENERGY:     253         1.0000   -479974.8672

QMENERGY:     254         1.0000   -479975.2925

QMENERGY:     255         1.0000   -479975.7733

QMENERGY:     256         1.0000   -479976.2697

QMENERGY:     257         1.0000   -479976.7814

QMENERGY:     258         1.0000   -479977.3183

QMENERGY:     259         1.0000   -479977.8888

QMENERGY:     260         1.0000   -479978.4711

QMENERGY:     261         1.0000   -479979.0173

QMENERGY:     262         1.0000   -479979.5622

QMENERGY:     263         1.0000   -479980.0579

QMENERGY:     264         1.0000   -479980.4544

QMENERGY:     265         1.0000   -479980.7521

QMENERGY:     266         1.0000   -479980.9512

QMENERGY:     267         1.0000   -479981.0080

QMENERGY:     268         1.0000   -479980.9071

QMENERGY:     269         1.0000   -479980.6547

QMENERGY:     270         1.0000   -479980.2862

QMENERGY:     271         1.0000   -479979.8049

QMENERGY:     272         1.0000   -479979.2824

QMENERGY:     273         1.0000   -479978.7098

QMENERGY:     274         1.0000   -479978.1229

QMENERGY:     275         1.0000   -479977.5611

QMENERGY:     276         1.0000   -479977.0660

QMENERGY:     277         1.0000   -479976.6339

QMENERGY:     278         1.0000   -479976.2683

QMENERGY:     279         1.0000   -479976.0644

QMENERGY:     280         1.0000   -479975.9078

QMENERGY:     281         1.0000   -479975.8433

QMENERGY:     282         1.0000   -479975.8718

QMENERGY:     283         1.0000   -479976.0007

QMENERGY:     284         1.0000   -479976.2187

QMENERGY:     285         1.0000   -479976.4541

QMENERGY:     286         1.0000   -479976.6988

QMENERGY:     287         1.0000   -479976.9659

QMENERGY:     288         1.0000   -479977.2141

QMENERGY:     289         1.0000   -479977.4618

QMENERGY:     290         1.0000   -479977.6514

QMENERGY:     291         1.0000   -479977.8667

QMENERGY:     292         1.0000   -479978.0876

QMENERGY:     293         1.0000   -479978.2599

QMENERGY:     294         1.0000   -479978.3996

QMENERGY:     295         1.0000   -479978.5357

QMENERGY:     296         1.0000   -479978.6087

QMENERGY:     297         1.0000   -479978.6582

QMENERGY:     298         1.0000   -479978.6217

MLFF TIMING [caller submit batch] n=300 avg_ms=0.023
MLFF TIMING [worker batch] n=300 avg_ms: queue_wait=0.266 collect_wait=0.000 h2d=0.000 forward=157.809 d2h=0.000 sync=0.000 split=0.030
MLFF TIMING [caller wait batch] n=300 avg_ms=157.884
MLFF TIMING [calcMLFF] n=300 avg_ms: pre=0.001 infer=157.909 post=0.006 send=0.003 total=162.532
MLFF TIMING [calcMLFF post] n=300 avg_ms: setup=0.004 coulomb=0.000 pme=0.000 charge_mode=0.002 virial=0.000
QMENERGY:     299         1.0000   -479978.5639

QMENERGY:     300         1.0000   -479978.4504

TIMING: 300  CPU: 49.7495, 0.150416/step  Wall: 49.1749, 0.152357/step, 0.00846429 hours remaining, 8.743282 MB of memory in use.
PERFORMANCE: 300  averaging 0.559045 ns/day, 0.154549 sec/step with standard deviation 0.0243042
ENERGY:     300         0.0000         0.0000         0.0000         0.0000              0.0000         0.0000         0.0000   -479978.4504        24.1432        -479954.3072       404.9801   -479978.4504   -479953.9610       385.8035

QMENERGY:     301         1.0000   -479978.2996

QMENERGY:     302         1.0000   -479978.1936

QMENERGY:     303         1.0000   -479978.0356

QMENERGY:     304         1.0000   -479977.8830

QMENERGY:     305         1.0000   -479977.7529

QMENERGY:     306         1.0000   -479977.6879

QMENERGY:     307         1.0000   -479977.6456

QMENERGY:     308         1.0000   -479977.6765

QMENERGY:     309         1.0000   -479977.7933

QMENERGY:     310         1.0000   -479977.9730

QMENERGY:     311         1.0000   -479978.2282

QMENERGY:     312         1.0000   -479978.5125

QMENERGY:     313         1.0000   -479978.8350

QMENERGY:     314         1.0000   -479979.1443

QMENERGY:     315         1.0000   -479979.4600

QMENERGY:     316         1.0000   -479979.7882

QMENERGY:     317         1.0000   -479980.1213

QMENERGY:     318         1.0000   -479980.3939

QMENERGY:     319         1.0000   -479980.6195

QMENERGY:     320         1.0000   -479980.7949

QMENERGY:     321         1.0000   -479980.9306

QMENERGY:     322         1.0000   -479981.0193

QMENERGY:     323         1.0000   -479981.0693

QMENERGY:     324         1.0000   -479981.0340

QMENERGY:     325         1.0000   -479980.9621

QMENERGY:     326         1.0000   -479980.8447

QMENERGY:     327         1.0000   -479980.6265

QMENERGY:     328         1.0000   -479980.3491

QMENERGY:     329         1.0000   -479980.0383

QMENERGY:     330         1.0000   -479979.7130

QMENERGY:     331         1.0000   -479979.3415

QMENERGY:     332         1.0000   -479978.9785

QMENERGY:     333         1.0000   -479978.6051

QMENERGY:     334         1.0000   -479978.2635

QMENERGY:     335         1.0000   -479977.9603

QMENERGY:     336         1.0000   -479977.6872

QMENERGY:     337         1.0000   -479977.4533

QMENERGY:     338         1.0000   -479977.3145

QMENERGY:     339         1.0000   -479977.2123

QMENERGY:     340         1.0000   -479977.1147

QMENERGY:     341         1.0000   -479977.0475

QMENERGY:     342         1.0000   -479977.0208

QMENERGY:     343         1.0000   -479977.0137

QMENERGY:     344         1.0000   -479977.0660

QMENERGY:     345         1.0000   -479977.1735

QMENERGY:     346         1.0000   -479977.3139

QMENERGY:     347         1.0000   -479977.5026

QMENERGY:     348         1.0000   -479977.7462

QMENERGY:     349         1.0000   -479978.0545

QMENERGY:     350         1.0000   -479978.4007

QMENERGY:     351         1.0000   -479978.7578

QMENERGY:     352         1.0000   -479979.1282

QMENERGY:     353         1.0000   -479979.5427

QMENERGY:     354         1.0000   -479979.9606

QMENERGY:     355         1.0000   -479980.3826

QMENERGY:     356         1.0000   -479980.8259

QMENERGY:     357         1.0000   -479981.2346

QMENERGY:     358         1.0000   -479981.6368

QMENERGY:     359         1.0000   -479982.0121

QMENERGY:     360         1.0000   -479982.3647

QMENERGY:     361         1.0000   -479982.6476

QMENERGY:     362         1.0000   -479982.8036

QMENERGY:     363         1.0000   -479982.8524

QMENERGY:     364         1.0000   -479982.7829

QMENERGY:     365         1.0000   -479982.6048

QMENERGY:     366         1.0000   -479982.3753

QMENERGY:     367         1.0000   -479982.0787

QMENERGY:     368         1.0000   -479981.7400

QMENERGY:     369         1.0000   -479981.3872

QMENERGY:     370         1.0000   -479981.0706

QMENERGY:     371         1.0000   -479980.8022

QMENERGY:     372         1.0000   -479980.5636

QMENERGY:     373         1.0000   -479980.3778

QMENERGY:     374         1.0000   -479980.2372

QMENERGY:     375         1.0000   -479980.1475

QMENERGY:     376         1.0000   -479980.1586

QMENERGY:     377         1.0000   -479980.2255

QMENERGY:     378         1.0000   -479980.2899

QMENERGY:     379         1.0000   -479980.3793

QMENERGY:     380         1.0000   -479980.4723

QMENERGY:     381         1.0000   -479980.5893

QMENERGY:     382         1.0000   -479980.7129

QMENERGY:     383         1.0000   -479980.7815

QMENERGY:     384         1.0000   -479980.8195

QMENERGY:     385         1.0000   -479980.7922

QMENERGY:     386         1.0000   -479980.7200

QMENERGY:     387         1.0000   -479980.5864

QMENERGY:     388         1.0000   -479980.4186

QMENERGY:     389         1.0000   -479980.2201

QMENERGY:     390         1.0000   -479979.9944

QMENERGY:     391         1.0000   -479979.7421

QMENERGY:     392         1.0000   -479979.4903

QMENERGY:     393         1.0000   -479979.2893

QMENERGY:     394         1.0000   -479979.1119

QMENERGY:     395         1.0000   -479978.9808

QMENERGY:     396         1.0000   -479978.9388

QMENERGY:     397         1.0000   -479978.9831

QMENERGY:     398         1.0000   -479979.1073

MLFF TIMING [caller submit batch] n=400 avg_ms=0.023
MLFF TIMING [worker batch] n=400 avg_ms: queue_wait=0.288 collect_wait=0.000 h2d=0.000 forward=159.910 d2h=0.000 sync=0.000 split=0.030
MLFF TIMING [caller wait batch] n=400 avg_ms=160.002
MLFF TIMING [calcMLFF] n=400 avg_ms: pre=0.001 infer=160.028 post=0.006 send=0.003 total=163.497
MLFF TIMING [calcMLFF post] n=400 avg_ms: setup=0.004 coulomb=0.000 pme=0.000 charge_mode=0.002 virial=0.000
QMENERGY:     399         1.0000   -479979.3058

QMENERGY:     400         1.0000   -479979.5561

TIMING: 400  CPU: 66.0004, 0.162508/step  Wall: 65.6151, 0.164402/step, 0.00456673 hours remaining, 8.743282 MB of memory in use.
PERFORMANCE: 400  averaging 0.550275 ns/day, 0.157012 sec/step with standard deviation 0.0204467
ENERGY:     400         0.0000         0.0000         0.0000         0.0000              0.0000         0.0000         0.0000   -479979.5561        19.8835        -479959.6726       333.5273   -479979.5561   -479959.3200       398.4448

QMENERGY:     401         1.0000   -479979.8955

QMENERGY:     402         1.0000   -479980.2875

QMENERGY:     403         1.0000   -479980.7438

QMENERGY:     404         1.0000   -479981.2382

QMENERGY:     405         1.0000   -479981.7443

QMENERGY:     406         1.0000   -479982.2355

QMENERGY:     407         1.0000   -479982.7267

QMENERGY:     408         1.0000   -479983.1818

QMENERGY:     409         1.0000   -479983.5876

QMENERGY:     410         1.0000   -479983.9501

QMENERGY:     411         1.0000   -479984.2462

QMENERGY:     412         1.0000   -479984.5033

QMENERGY:     413         1.0000   -479984.7234

QMENERGY:     414         1.0000   -479984.9087

QMENERGY:     415         1.0000   -479985.0366

QMENERGY:     416         1.0000   -479985.1294

QMENERGY:     417         1.0000   -479985.2120

QMENERGY:     418         1.0000   -479985.2729

QMENERGY:     419         1.0000   -479985.3593

QMENERGY:     420         1.0000   -479985.4890

QMENERGY:     421         1.0000   -479985.6686

QMENERGY:     422         1.0000   -479985.8799

QMENERGY:     423         1.0000   -479986.1374

QMENERGY:     424         1.0000   -479986.3668

QMENERGY:     425         1.0000   -479986.5940

QMENERGY:     426         1.0000   -479986.7849

QMENERGY:     427         1.0000   -479986.9088

QMENERGY:     428         1.0000   -479987.0081

QMENERGY:     429         1.0000   -479987.0509

QMENERGY:     430         1.0000   -479987.0415

QMENERGY:     431         1.0000   -479986.9571

QMENERGY:     432         1.0000   -479986.8223

QMENERGY:     433         1.0000   -479986.6343

QMENERGY:     434         1.0000   -479986.3798

QMENERGY:     435         1.0000   -479986.0903

QMENERGY:     436         1.0000   -479985.7860

QMENERGY:     437         1.0000   -479985.4773

QMENERGY:     438         1.0000   -479985.1595

QMENERGY:     439         1.0000   -479984.8416

QMENERGY:     440         1.0000   -479984.5680

QMENERGY:     441         1.0000   -479984.3112

QMENERGY:     442         1.0000   -479984.0771

QMENERGY:     443         1.0000   -479983.8846

QMENERGY:     444         1.0000   -479983.7524

QMENERGY:     445         1.0000   -479983.7181

QMENERGY:     446         1.0000   -479983.6916

QMENERGY:     447         1.0000   -479983.6987

QMENERGY:     448         1.0000   -479983.6814

QMENERGY:     449         1.0000   -479983.7149

QMENERGY:     450         1.0000   -479983.8056

QMENERGY:     451         1.0000   -479983.9420

QMENERGY:     452         1.0000   -479984.0950

QMENERGY:     453         1.0000   -479984.2931

QMENERGY:     454         1.0000   -479984.5320

QMENERGY:     455         1.0000   -479984.7752

QMENERGY:     456         1.0000   -479985.0587

QMENERGY:     457         1.0000   -479985.3655

QMENERGY:     458         1.0000   -479985.6755

QMENERGY:     459         1.0000   -479985.9924

QMENERGY:     460         1.0000   -479986.2896

QMENERGY:     461         1.0000   -479986.5622

QMENERGY:     462         1.0000   -479986.8254

QMENERGY:     463         1.0000   -479987.0676

QMENERGY:     464         1.0000   -479987.3167

QMENERGY:     465         1.0000   -479987.5707

QMENERGY:     466         1.0000   -479987.7887

QMENERGY:     467         1.0000   -479987.9660

QMENERGY:     468         1.0000   -479988.1482

QMENERGY:     469         1.0000   -479988.3231

QMENERGY:     470         1.0000   -479988.4808

QMENERGY:     471         1.0000   -479988.5956

QMENERGY:     472         1.0000   -479988.6631

QMENERGY:     473         1.0000   -479988.6955

QMENERGY:     474         1.0000   -479988.7376

QMENERGY:     475         1.0000   -479988.7485

QMENERGY:     476         1.0000   -479988.7335

QMENERGY:     477         1.0000   -479988.7390

QMENERGY:     478         1.0000   -479988.7437

QMENERGY:     479         1.0000   -479988.7841

QMENERGY:     480         1.0000   -479988.8372

QMENERGY:     481         1.0000   -479988.9098

QMENERGY:     482         1.0000   -479988.9809

QMENERGY:     483         1.0000   -479989.0884

QMENERGY:     484         1.0000   -479989.2331

QMENERGY:     485         1.0000   -479989.3647

QMENERGY:     486         1.0000   -479989.5281

QMENERGY:     487         1.0000   -479989.7044

QMENERGY:     488         1.0000   -479989.8793

QMENERGY:     489         1.0000   -479990.0781

QMENERGY:     490         1.0000   -479990.2912

QMENERGY:     491         1.0000   -479990.4872

QMENERGY:     492         1.0000   -479990.6259

QMENERGY:     493         1.0000   -479990.7592

QMENERGY:     494         1.0000   -479990.8739

QMENERGY:     495         1.0000   -479990.9368

QMENERGY:     496         1.0000   -479990.9730

QMENERGY:     497         1.0000   -479990.9439

QMENERGY:     498         1.0000   -479990.8523

MLFF TIMING [caller submit batch] n=500 avg_ms=0.023
MLFF TIMING [worker batch] n=500 avg_ms: queue_wait=0.285 collect_wait=0.000 h2d=0.000 forward=156.504 d2h=0.000 sync=0.000 split=0.030
MLFF TIMING [caller wait batch] n=500 avg_ms=156.593
MLFF TIMING [calcMLFF] n=500 avg_ms: pre=0.001 infer=156.618 post=0.006 send=0.003 total=159.396
MLFF TIMING [calcMLFF post] n=500 avg_ms: setup=0.004 coulomb=0.000 pme=0.000 charge_mode=0.002 virial=0.000
QMENERGY:     499         1.0000   -479990.7106

LDB: ============= START OF LOAD BALANCING ============== 79.8056
LDB: ============== END OF LOAD BALANCING =============== 79.8056
LDB: =============== DONE WITH MIGRATION ================ 79.8056
QMENERGY:     500         1.0000   -479990.5142

Info: Initial time: 1 CPUs 0.154295 s/step 1.78583 days/ns 8.74328 MB memory
TIMING: 500  CPU: 80.3487, 0.143483/step  Wall: 79.958, 0.143429/step, 0 hours remaining, 8.743282 MB of memory in use.
PERFORMANCE: 500  averaging 0.559964 ns/day, 0.154296 sec/step with standard deviation 0.0187203
ENERGY:     500         0.0000         0.0000         0.0000         0.0000              0.0000         0.0000         0.0000   -479990.5142        24.3027        -479966.2115       407.6560   -479990.5142   -479966.2548       363.1783

WRITING EXTENDED SYSTEM TO OUTPUT FILE AT STEP 500
WRITING COORDINATES TO OUTPUT FILE AT STEP 500
COORDINATE DCD FILE bench.dcd WAS NOT CREATED
The last position output (seq=-2) takes 0.000 seconds, 8.743 MB of memory in use
WRITING VELOCITIES TO OUTPUT FILE AT STEP 500
The last velocity output (seq=-2) takes 0.000 seconds, 8.743 MB of memory in use
====================================================

WallClock: 79.965698  CPUTime: 80.355766  Memory: 8.743282 MB
[Partition 0][Node 0] End of program
