grid: models=[mace ani2x nequip_oam schnet xtb fennol] water=[10 20 60 100 300 600 1000 2000] walkers=[0 1 2 3 4 5 6 7 8] steps=500 freq=100 timeout=1800s

RUN   mace  30atoms  walk0 ... ok  (0, 81s, 2207MiB)
RUN   mace  30atoms  walk1 ... ok  (0, 75s, 2179MiB)
RUN   mace  30atoms  walk2 ... ok  (0, 152s, 2506MiB)
RUN   mace  30atoms  walk3 ... ok  (0, 201s, 3008MiB)
RUN   mace  30atoms  walk4 ... ok  (0, 271s, 2901MiB)
RUN   mace  30atoms  walk5 ... ok  (0, 367s, 3318MiB)
RUN   mace  30atoms  walk6 ... ok  (0, 395s, 3241MiB)
RUN   mace  30atoms  walk7 ... ok  (0, 423s, 3704MiB)
RUN   mace  30atoms  walk8 ... ok  (0, 547s, 3874MiB)
RUN   ani2x  30atoms  walk0 ... ok  (0, 22s, 3520MiB)
RUN   ani2x  30atoms  walk1 ... ok  (0, 21s, 2430MiB)
RUN   ani2x  30atoms  walk2 ... ok  (0, 20s, 2341MiB)
RUN   ani2x  30atoms  walk3 ... ok  (0, 21s, 2302MiB)
RUN   ani2x  30atoms  walk4 ... ok  (0, 21s, 2356MiB)
RUN   ani2x  30atoms  walk5 ... ok  (0, 22s, 2388MiB)
RUN   ani2x  30atoms  walk6 ... ok  (0, 25s, 2428MiB)
RUN   ani2x  30atoms  walk7 ... ok  (0, 25s, 2349MiB)
RUN   ani2x  30atoms  walk8 ... ok  (0, 22s, 2338MiB)
RUN   nequip_oam  30atoms  walk0 ... ok  (0, 95s, 2468MiB)
RUN   nequip_oam  30atoms  walk1 ... ok  (0, 90s, 2456MiB)
RUN   nequip_oam  30atoms  walk2 ... ok  (0, 151s, 2642MiB)
RUN   nequip_oam  30atoms  walk3 ... ok  (0, 223s, 2738MiB)
RUN   nequip_oam  30atoms  walk4 ... ok  (0, 292s, 3063MiB)
RUN   nequip_oam  30atoms  walk5 ... ok  (0, 358s, 3578MiB)
RUN   nequip_oam  30atoms  walk6 ... ok  (0, 422s, 3805MiB)
RUN   nequip_oam  30atoms  walk7 ... ok  (0, 469s, 3967MiB)
RUN   nequip_oam  30atoms  walk8 ... ok  (0, 525s, 4165MiB)
RUN   schnet  30atoms  walk0 ... ok  (0, 7s, 4094MiB)
RUN   schnet  30atoms  walk1 ... ok  (0, 7s, 2234MiB)
RUN   schnet  30atoms  walk2 ... ok  (0, 6s, 2260MiB)
RUN   schnet  30atoms  walk3 ... ok  (0, 8s, 2239MiB)
RUN   schnet  30atoms  walk4 ... ok  (0, 8s, 2234MiB)
RUN   schnet  30atoms  walk5 ... ok  (0, 7s, 2256MiB)
RUN   schnet  30atoms  walk6 ... ok  (0, 11s, 2393MiB)
RUN   schnet  30atoms  walk7 ... ok  (0, 12s, 2393MiB)
RUN   schnet  30atoms  walk8 ... ok  (0, 9s, 2387MiB)
RUN   xtb  30atoms  walk0 ... ok  (0, 17s, 2377MiB)
RUN   xtb  30atoms  walk1 ... ok  (0, 16s, 2129MiB)
RUN   xtb  30atoms  walk2 ... ok  (0, 552s, 2283MiB)
RUN   xtb  30atoms  walk3 ... ok  (0, 1118s, 2558MiB)
RUN   xtb  30atoms  walk4 ... 