ERROR:2026-06-05 12:06:57,960:jax._src.xla_bridge:487: Jax plugin configuration error: Exception when calling jax_plugins.xla_cuda12.initialize()
Traceback (most recent call last):
  File "/home/rat/miniconda3/envs/fennix/lib/python3.11/site-packages/jax/_src/xla_bridge.py", line 485, in discover_pjrt_plugins
    plugin_module.initialize()
  File "/home/rat/miniconda3/envs/fennix/lib/python3.11/site-packages/jax_plugins/xla_cuda12/__init__.py", line 328, in initialize
    _check_cuda_versions(raise_on_first_error=True)
  File "/home/rat/miniconda3/envs/fennix/lib/python3.11/site-packages/jax_plugins/xla_cuda12/__init__.py", line 285, in _check_cuda_versions
    local_device_count = cuda_versions.cuda_device_count()
                         ^^^^^^^^^^^^^^^^^^^^^^^^^^^^^^^^^
RuntimeError: jaxlib/cuda/versions_helpers.cc:113: operation cuInit(0) failed: CUDA_ERROR_NO_DEVICE
# random_seed: 850711
# model_file: /home/rat/PycharmProjects/ML_models_NAMD/models/fennix-bio1S.fnx
# nblist_skin: 2.00 A, nblist_stride: 80 steps, nblist_warmup: 0 steps
# Computing initial energy and forces
# Energy unit:  kcal/mol
# Printing Energy per atom
# Initial potential energy: -5.708718299865723; kinetic energy: 0.901210606098175
# forces min/max/rms: 0.00014982226 77.796684 9.925318
####################################################################################
# Running 10 steps of LGV MD simulation on cpu
#     Step   Time[ps]       Etot       Epot       Ekin    Temp[K]
         2      0.001    -4.7710     -5.6407     0.8698     291.79
         4      0.002    -4.7708     -5.5171     0.7463     250.37
         6      0.003    -4.7949     -5.4778     0.6828     229.08
         8      0.004    -4.7985     -5.5054     0.7069     237.15
        10      0.005    -4.7792     -5.4943     0.7151     239.90
# Run done in 28 s
