cuda:0 water30 forward fast                         shapes E()==() F(30, 3) dE=0.00e+00 dF=8.25e-06 dV=0.00e+00
cuda:0 water30 forward default_new                  shapes E()==() F(30, 3) dE=2.20e-05 dF=5.50e-06 dV=0.00e+00
cuda:0 water30 graph_step (cap 317, n_edges 203)    shapes E()==() F(30, 3) dE=0.00e+00 dF=7.56e-06 dV=0.00e+00
cuda:0 water30 W=4 forward_batch fast               shapes E(4,)==(4,) F(120, 3) dE=3.30e-05 dF=7.90e-06 dV=0.00e+00
cuda:0 water30 W=4 forward_batch default_new        shapes E(4,)==(4,) F(120, 3) dE=3.30e-05 dF=7.56e-06 dV=0.00e+00
cuda:0 water300 forward fast                        shapes E()==() F(300, 3) dE=1.76e-04 dF=1.24e-05 dV=0.00e+00
cuda:0 water300 forward default_new                 shapes E()==() F(300, 3) dE=3.52e-04 dF=1.24e-05 dV=0.00e+00
cuda:0 water300 graph_step (cap 5057, n_edges 3995) shapes E()==() F(300, 3) dE=1.76e-04 dF=1.58e-05 dV=0.00e+00
cuda:0 water300 W=4 forward_batch fast              shapes E(4,)==(4,) F(1200, 3) dE=7.04e-04 dF=1.75e-05 dV=0.00e+00
cuda:0 water300 W=4 forward_batch default_new       shapes E(4,)==(4,) F(1200, 3) dE=5.28e-04 dF=1.65e-05 dV=0.00e+00
cuda:0 water6000 forward fast                       shapes E()==() F(6000, 3) dE=5.91e-02 dF=2.89e-05 dV=0.00e+00
cuda:0 water6000 forward default_new                shapes E()==() F(6000, 3) dE=1.97e-02 dF=2.27e-05 dV=0.00e+00
cuda:0 water6000 W=4 forward_batch fast vs default_new shapes E(4,)==(4,) F(24000, 3) dE=5.07e-02 dF=2.75e-05 dV=0.00e+00
cuda:0 water300 unequal ptr [0,90,300] fast         shapes E(2,)==(2,) F(300, 3) dE=2.64e-04 dF=9.97e-06 dV=0.00e+00
cuda:0 water300 PERIODIC 20A box fast               shapes E()==() F(300, 3) dE=3.52e-04 dF=1.44e-05 dV=7.04e-04
cpu    water30 forward fast                         shapes E()==() F(30, 3) dE=0.00e+00 dF=6.19e-06 dV=0.00e+00
cpu    water30 forward default_new                  shapes E()==() F(30, 3) dE=0.00e+00 dF=6.19e-06 dV=0.00e+00
cpu    water30 graph_step (cap 317, n_edges 203)    shapes E()==() F(30, 3) dE=4.40e-05 dF=1.03e-05 dV=0.00e+00
cpu    water30 W=4 forward_batch fast               shapes E(4,)==(4,) F(120, 3) dE=0.00e+00 dF=7.90e-06 dV=0.00e+00
cpu    water30 W=4 forward_batch default_new        shapes E(4,)==(4,) F(120, 3) dE=0.00e+00 dF=7.90e-06 dV=0.00e+00
cpu    water300 forward fast                        shapes E()==() F(300, 3) dE=0.00e+00 dF=8.25e-06 dV=0.00e+00
cpu    water300 forward default_new                 shapes E()==() F(300, 3) dE=0.00e+00 dF=8.25e-06 dV=0.00e+00
cpu    water300 graph_step (cap 5057, n_edges 3995) shapes E()==() F(300, 3) dE=0.00e+00 dF=1.44e-05 dV=0.00e+00
cpu    water300 W=4 forward_batch fast              shapes E(4,)==(4,) F(1200, 3) dE=0.00e+00 dF=1.37e-05 dV=0.00e+00
cpu    water300 W=4 forward_batch default_new       shapes E(4,)==(4,) F(1200, 3) dE=0.00e+00 dF=9.62e-06 dV=0.00e+00
cpu    water300 unequal ptr [0,90,300] fast         shapes E(2,)==(2,) F(300, 3) dE=0.00e+00 dF=7.56e-06 dV=0.00e+00
cpu    water300 PERIODIC 20A box fast               shapes E()==() F(300, 3) dE=0.00e+00 dF=8.25e-06 dV=7.92e-04
worst dF 2.89e-05
