grid: models=[mace ani2x nequip_oam schnet fennol] water=[10 20 60 100 300 600 1000 2000] walkers=[0 1 2 3 4 6 8] steps=500 freq=100 timeout=1800s

RUN   mace  30atoms  walk0 ... ok  (0, 21s, 749MiB)
RUN   mace  30atoms  walk1 ... ok  (0, 20s, 751MiB)
RUN   mace  30atoms  walk2 ... ok  (0, 28s, 1496MiB)
RUN   mace  30atoms  walk3 ... ok  (0, 37s, 1692MiB)
RUN   mace  30atoms  walk4 ... ok  (0, 47s, 2405MiB)
RUN   mace  30atoms  walk6 ... ok  (0, 62s, 3900MiB)
RUN   mace  30atoms  walk8 ... ok  (0, 78s, 4813MiB)
RUN   ani2x  30atoms  walk0 ... ok  (0, 14s, 4813MiB)
RUN   ani2x  30atoms  walk1 ... ok  (0, 13s, 597MiB)
RUN   ani2x  30atoms  walk2 ... ok  (0, 13s, 599MiB)
RUN   ani2x  30atoms  walk3 ... ok  (0, 17s, 1194MiB)
RUN   ani2x  30atoms  walk4 ... ok  (0, 18s, 1194MiB)
RUN   ani2x  30atoms  walk6 ... ok  (0, 27s, 2974MiB)
RUN   ani2x  30atoms  walk8 ... ok  (0, 34s, 4161MiB)
RUN   nequip_oam  30atoms  walk0 ... ok  (0, 62s, 4161MiB)
RUN   nequip_oam  30atoms  walk1 ... ok  (0, 56s, 769MiB)
RUN   nequip_oam  30atoms  walk2 ... ok  (0, 59s, 965MiB)
RUN   nequip_oam  30atoms  walk3 ... ok  (0, 57s, 1113MiB)
RUN   nequip_oam  30atoms  walk4 ... ok  (0, 60s, 2463MiB)
RUN   nequip_oam  30atoms  walk6 ... ok  (0, 60s, 4028MiB)
RUN   nequip_oam  30atoms  walk8 ... ok  (0, 68s, 4446MiB)
RUN   schnet  30atoms  walk0 ... ok  (0, 9s, 4266MiB)
RUN   schnet  30atoms  walk1 ... ok  (0, 7s, 547MiB)
RUN   schnet  30atoms  walk2 ... ok  (0, 10s, 1090MiB)
RUN   schnet  30atoms  walk3 ... ok  (0, 11s, 1635MiB)
RUN   schnet  30atoms  walk4 ... ok  (0, 11s, 1637MiB)
RUN   schnet  30atoms  walk6 ... ok  (0, 12s, 3263MiB)
RUN   schnet  30atoms  walk8 ... ok  (0, 13s, 3271MiB)
RUN   fennol  30atoms  walk0 ... error_rc1  (1, 1s, 544MiB)
RUN   fennol  30atoms  walk1 ... error_rc1  (1, 1s, 0MiB)
RUN   fennol  30atoms  walk2 ... error_rc1  (1, 1s, 0MiB)
RUN   fennol  30atoms  walk3 ... error_rc1  (1, 1s, 0MiB)
RUN   fennol  30atoms  walk4 ... error_rc1  (1, 1s, 0MiB)
RUN   fennol  30atoms  walk6 ... error_rc1  (1, 0s, 0MiB)
RUN   fennol  30atoms  walk8 ... error_rc1  (1, 0s, 0MiB)
RUN   mace  60atoms  walk0 ... ok  (0, 26s, 947MiB)
RUN   mace  60atoms  walk1 ... ok  (0, 25s, 947MiB)
RUN   mace  60atoms  walk2 ... ok  (0, 42s, 1992MiB)
RUN   mace  60atoms  walk3 ... ok  (0, 57s, 2216MiB)
RUN   mace  60atoms  walk4 ... ok  (0, 73s, 3155MiB)
RUN   mace  60atoms  walk6 ... ok  (0, 106s, 5042MiB)
RUN   mace  60atoms  walk8 ... ok  (0, 135s, 5808MiB)
RUN   ani2x  60atoms  walk0 ... ok  (0, 14s, 5808MiB)
RUN   ani2x  60atoms  walk1 ... ok  (0, 13s, 599MiB)
RUN   ani2x  60atoms  walk2 ... ok  (0, 18s, 1194MiB)
RUN   ani2x  60atoms  walk3 ... ok  (0, 14s, 1194MiB)
RUN   ani2x  60atoms  walk4 ... ok  (0, 21s, 1795MiB)
RUN   ani2x  60atoms  walk6 ... ok  (0, 27s, 2984MiB)
RUN   ani2x  60atoms  walk8 ... ok  (0, 35s, 4179MiB)
RUN   nequip_oam  60atoms  walk0 ... ok  (0, 58s, 3577MiB)
RUN   nequip_oam  60atoms  walk1 ... ok  (0, 56s, 1187MiB)
RUN   nequip_oam  60atoms  walk2 ... ok  (0, 59s, 2324MiB)
RUN   nequip_oam  60atoms  walk3 ... ok  (0, 60s, 3555MiB)
RUN   nequip_oam  60atoms  walk4 ... ok  (0, 60s, 4453MiB)
RUN   nequip_oam  60atoms  walk6 ... ok  (0, 74s, 6505MiB)
RUN   nequip_oam  60atoms  walk8 ... ok  (0, 90s, 8835MiB)
RUN   schnet  60atoms  walk0 ... ok  (0, 8s, 8583MiB)
RUN   schnet  60atoms  walk1 ... ok  (0, 7s, 555MiB)
RUN   schnet  60atoms  walk2 ... ok  (0, 11s, 1106MiB)
RUN   schnet  60atoms  walk3 ... ok  (0, 11s, 1132MiB)
RUN   schnet  60atoms  walk4 ... ok  (0, 10s, 1685MiB)
RUN   schnet  60atoms  walk6 ... ok  (0, 12s, 2786MiB)
RUN   schnet  60atoms  walk8 ... ok  (0, 12s, 3889MiB)
RUN   fennol  60atoms  walk0 ... error_rc1  (1, 0s, 578MiB)
RUN   fennol  60atoms  walk1 ... error_rc1  (1, 0s, 0MiB)
RUN   fennol  60atoms  walk2 ... error_rc1  (1, 1s, 0MiB)
RUN   fennol  60atoms  walk3 ... error_rc1  (1, 1s, 0MiB)
RUN   fennol  60atoms  walk4 ... error_rc1  (1, 1s, 0MiB)
RUN   fennol  60atoms  walk6 ... error_rc1  (1, 1s, 0MiB)
RUN   fennol  60atoms  walk8 ... error_rc1  (1, 1s, 0MiB)
RUN   mace  180atoms  walk0 ... ./run_benchmark.sh : ligne 100 : 430037 Erreur de segmentation  LD_LIBRARY_PATH="$local_ld" MLFF_TIMING=1 MLFF_TIMING_EVERY="$OUTPUTFREQ" timeout "$TIMEOUT" "${cmd[@]}" > out.0.log 2>&1
error_rc139  (139, 23s, 1881MiB)
RUN   mace  180atoms  walk1 ... timeout_hang  (124, 1800s, 1881MiB)
RUN   mace  180atoms  walk2 ... error_rc1  (1, 29s, 4126MiB)
RUN   mace  180atoms  walk3 ... error_rc1  (1, 28s, 6466MiB)
RUN   mace  180atoms  walk4 ... timeout_partial  (124, 1800s, 7883MiB)
RUN   mace  180atoms  walk6 ... error_rc1  (1, 61s, 11552MiB)
RUN   mace  180atoms  walk8 ... timeout_partial  (124, 1800s, 15576MiB)
RUN   ani2x  180atoms  walk0 ... ./run_benchmark.sh : ligne 100 : 446864 Erreur de segmentation  LD_LIBRARY_PATH="$local_ld" MLFF_TIMING=1 MLFF_TIMING_EVERY="$OUTPUTFREQ" timeout "$TIMEOUT" "${cmd[@]}" > out.0.log 2>&1
error_rc139  (139, 14s, 2062MiB)
RUN   ani2x  180atoms  walk1 ... timeout_hang  (124, 1800s, 625MiB)
RUN   ani2x  180atoms  walk2 ... error_rc1  (1, 14s, 631MiB)
RUN   ani2x  180atoms  walk3 ... error_rc1  (1, 10s, 1252MiB)
RUN   ani2x  180atoms  walk4 ... error_rc1  (1, 15s, 1873MiB)
RUN   ani2x  180atoms  walk6 ... error_rc1  (1, 15s, 3729MiB)
RUN   ani2x  180atoms  walk8 ... error_rc1  (1, 12s, 4962MiB)
RUN   nequip_oam  180atoms  walk0 ... ./run_benchmark.sh : ligne 100 : 452815 Erreur de segmentation  LD_LIBRARY_PATH="$local_ld" MLFF_TIMING=1 MLFF_TIMING_EVERY="$OUTPUTFREQ" timeout "$TIMEOUT" "${cmd[@]}" > out.0.log 2>&1
error_rc139  (139, 43s, 2153MiB)
RUN   nequip_oam  180atoms  walk1 ... error_rc1  (1, 41s, 1837MiB)
RUN   nequip_oam  180atoms  walk2 ... ok  (0, 70s, 3828MiB)
RUN   nequip_oam  180atoms  walk3 ... error_rc1  (1, 68s, 5334MiB)
RUN   nequip_oam  180atoms  walk4 ... error_rc1  (1, 45s, 7929MiB)
RUN   nequip_oam  180atoms  walk6 ... error_rc1  (1, 87s, 12069MiB)
RUN   nequip_oam  180atoms  walk8 ... error_rc1  (1, 54s, 15159MiB)
RUN   schnet  180atoms  walk0 ... ok  (0, 8s, 15051MiB)
RUN   schnet  180atoms  walk1 ... ok  (0, 7s, 607MiB)
RUN   schnet  180atoms  walk2 ... ok  (0, 8s, 651MiB)
RUN   schnet  180atoms  walk3 ... ok  (0, 11s, 1254MiB)
RUN   schnet  180atoms  walk4 ... ok  (0, 11s, 2417MiB)
RUN   schnet  180atoms  walk6 ... ok  (0, 12s, 3064MiB)
RUN   schnet  180atoms  walk8 ... ok  (0, 13s, 3767MiB)
RUN   fennol  180atoms  walk0 ... error_rc1  (1, 1s, 606MiB)
RUN   fennol  180atoms  walk1 ... error_rc1  (1, 0s, 0MiB)
RUN   fennol  180atoms  walk2 ... error_rc1  (1, 0s, 0MiB)
RUN   fennol  180atoms  walk3 ... error_rc1  (1, 1s, 0MiB)
RUN   fennol  180atoms  walk4 ... error_rc1  (1, 1s, 0MiB)
RUN   fennol  180atoms  walk6 ... error_rc1  (1, 1s, 0MiB)
RUN   fennol  180atoms  walk8 ... error_rc1  (1, 0s, 0MiB)
RUN   mace  300atoms  walk0 ... ./run_benchmark.sh : ligne 100 : 455579 Erreur de segmentation  LD_LIBRARY_PATH="$local_ld" MLFF_TIMING=1 MLFF_TIMING_EVERY="$OUTPUTFREQ" timeout "$TIMEOUT" "${cmd[@]}" > out.0.log 2>&1
error_rc139  (139, 26s, 4481MiB)
RUN   mace  300atoms  walk1 ... error_rc1  (1, 24s, 3189MiB)
RUN   mace  300atoms  walk2 ... error_rc1  (1, 37s, 6694MiB)
RUN   mace  300atoms  walk3 ... error_rc1  (1, 47s, 13884MiB)
RUN   mace  300atoms  walk4 ... error_rc1  (1, 42s, 15763MiB)
RUN   mace  300atoms  walk6 ... error_rc1  (1, 41s, 18413MiB)
RUN   mace  300atoms  walk8 ... error_rc1  (1, 82s, 25990MiB)
RUN   ani2x  300atoms  walk0 ... ./run_benchmark.sh : ligne 100 : 457046 Erreur de segmentation  LD_LIBRARY_PATH="$local_ld" MLFF_TIMING=1 MLFF_TIMING_EVERY="$OUTPUTFREQ" timeout "$TIMEOUT" "${cmd[@]}" > out.0.log 2>&1
error_rc139  (139, 12s, 23123MiB)
RUN   ani2x  300atoms  walk1 ... error_rc1  (1, 7s, 627MiB)
RUN   ani2x  300atoms  walk2 ... error_rc1  (1, 14s, 1250MiB)
RUN   ani2x  300atoms  walk3 ... error_rc1  (1, 8s, 1873MiB)
RUN   ani2x  300atoms  walk4 ... error_rc1  (1, 8s, 1873MiB)
RUN   ani2x  300atoms  walk6 ... error_rc1  (1, 14s, 3152MiB)
RUN   ani2x  300atoms  walk8 ... error_rc1  (1, 17s, 3781MiB)
RUN   nequip_oam  300atoms  walk0 ... ./run_benchmark.sh : ligne 100 : 457916 Erreur de segmentation  LD_LIBRARY_PATH="$local_ld" MLFF_TIMING=1 MLFF_TIMING_EVERY="$OUTPUTFREQ" timeout "$TIMEOUT" "${cmd[@]}" > out.0.log 2>&1
error_rc139  (139, 40s, 3199MiB)
RUN   nequip_oam  300atoms  walk1 ... error_rc1  (1, 36s, 2931MiB)
RUN   nequip_oam  300atoms  walk2 ... error_rc1  (1, 53s, 5860MiB)
RUN   nequip_oam  300atoms  walk3 ... error_rc1  (1, 89s, 9321MiB)
RUN   nequip_oam  300atoms  walk4 ... error_rc1  (1, 102s, 12508MiB)
RUN   nequip_oam  300atoms  walk6 ... error_rc1  (1, 64s, 17497MiB)
RUN   nequip_oam  300atoms  walk8 ... error_rc1  (1, 69s, 23658MiB)
RUN   schnet  300atoms  walk0 ... ok  (0, 8s, 20731MiB)
RUN   schnet  300atoms  walk1 ... ok  (0, 8s, 629MiB)
RUN   schnet  300atoms  walk2 ... ok  (0, 10s, 1254MiB)
RUN   schnet  300atoms  walk3 ... ok  (0, 10s, 1376MiB)
RUN   schnet  300atoms  walk4 ... ok  (0, 12s, 2525MiB)
RUN   schnet  300atoms  walk6 ... ok  (0, 11s, 3292MiB)
RUN   schnet  300atoms  walk8 ... ok  (0, 12s, 3977MiB)
RUN   fennol  300atoms  walk0 ... error_rc1  (1, 1s, 646MiB)
RUN   fennol  300atoms  walk1 ... error_rc1  (1, 1s, 0MiB)
RUN   fennol  300atoms  walk2 ... error_rc1  (1, 1s, 0MiB)
RUN   fennol  300atoms  walk3 ... error_rc1  (1, 1s, 0MiB)
RUN   fennol  300atoms  walk4 ... error_rc1  (1, 0s, 0MiB)
RUN   fennol  300atoms  walk6 ... error_rc1  (1, 0s, 0MiB)
RUN   fennol  300atoms  walk8 ... error_rc1  (1, 0s, 0MiB)
RUN   mace  900atoms  walk0 ... ./run_benchmark.sh : ligne 100 : 460765 Erreur de segmentation  LD_LIBRARY_PATH="$local_ld" MLFF_TIMING=1 MLFF_TIMING_EVERY="$OUTPUTFREQ" timeout "$TIMEOUT" "${cmd[@]}" > out.0.log 2>&1
error_rc139  (139, 53s, 12601MiB)
RUN   mace  900atoms  walk1 ... error_rc1  (1, 46s, 18201MiB)
RUN   mace  900atoms  walk2 ... error_rc1  (1, 89s, 25196MiB)
RUN   mace  900atoms  walk3 ... timeout_hang  (124, 1800s, 44070MiB)
RUN   mace  900atoms  walk4 ... error_rc1  (1, 163s, 44425MiB)
RUN   mace  900atoms  walk6 ... error_rc1  (1, 217s, 45224MiB)
RUN   mace  900atoms  walk8 ... error_rc1  (1, 187s, 45439MiB)
RUN   ani2x  900atoms  walk0 ... ok  (0, 15s, 38685MiB)
RUN   ani2x  900atoms  walk1 ... error_rc1  (1, 14s, 685MiB)
RUN   ani2x  900atoms  walk2 ... error_rc1  (1, 9s, 761MiB)
RUN   ani2x  900atoms  walk3 ... error_rc1  (1, 17s, 2067MiB)
RUN   ani2x  900atoms  walk4 ... error_rc1  (1, 21s, 2193MiB)
RUN   ani2x  900atoms  walk6 ... error_rc1  (1, 24s, 3524MiB)
RUN   ani2x  900atoms  walk8 ... error_rc1  (1, 39s, 5494MiB)
RUN   nequip_oam  900atoms  walk0 ... ./run_benchmark.sh : ligne 100 : 469637 Erreur de segmentation  LD_LIBRARY_PATH="$local_ld" MLFF_TIMING=1 MLFF_TIMING_EVERY="$OUTPUTFREQ" timeout "$TIMEOUT" "${cmd[@]}" > out.0.log 2>&1
error_rc139  (139, 254s, 10593MiB)
RUN   nequip_oam  900atoms  walk1 ... error_rc1  (1, 145s, 10591MiB)
RUN   nequip_oam  900atoms  walk2 ... error_rc1  (1, 205s, 20672MiB)
RUN   nequip_oam  900atoms  walk3 ... error_rc1  (1, 346s, 42086MiB)
RUN   nequip_oam  900atoms  walk4 ... error_rc1  (1, 426s, 44282MiB)
RUN   nequip_oam  900atoms  walk6 ... error_rc1  (1, 331s, 45457MiB)
RUN   nequip_oam  900atoms  walk8 ... error_rc1  (1, 586s, 45115MiB)
RUN   schnet  900atoms  walk0 ... ok  (0, 8s, 36093MiB)
RUN   schnet  900atoms  walk1 ... ok  (0, 9s, 841MiB)
RUN   schnet  900atoms  walk2 ... ok  (0, 11s, 1678MiB)
RUN   schnet  900atoms  walk3 ... ok  (0, 11s, 2174MiB)
RUN   schnet  900atoms  walk4 ... ok  (0, 13s, 3865MiB)
RUN   schnet  900atoms  walk6 ... ok  (0, 13s, 5242MiB)
RUN   schnet  900atoms  walk8 ... ok  (0, 19s, 5242MiB)
RUN   fennol  900atoms  walk0 ... error_rc1  (1, 1s, 4899MiB)
RUN   fennol  900atoms  walk1 ... error_rc1  (1, 1s, 0MiB)
RUN   fennol  900atoms  walk2 ... error_rc1  (1, 0s, 0MiB)
RUN   fennol  900atoms  walk3 ... error_rc1  (1, 0s, 0MiB)
RUN   fennol  900atoms  walk4 ... error_rc1  (1, 1s, 0MiB)
RUN   fennol  900atoms  walk6 ... error_rc1  (1, 1s, 0MiB)
RUN   fennol  900atoms  walk8 ... error_rc1  (1, 1s, 0MiB)
RUN   mace  1800atoms  walk0 ... ./run_benchmark.sh : ligne 100 : 477592 Erreur de segmentation  LD_LIBRARY_PATH="$local_ld" MLFF_TIMING=1 MLFF_TIMING_EVERY="$OUTPUTFREQ" timeout "$TIMEOUT" "${cmd[@]}" > out.0.log 2>&1
error_rc139  (139, 59s, 24977MiB)
RUN   mace  1800atoms  walk1 ... error_rc1  (1, 53s, 35081MiB)
RUN   mace  1800atoms  walk2 ... error_rc1  (1, 90s, 35081MiB)
RUN   mace  1800atoms  walk3 ... error_rc1  (1, 114s, 41849MiB)
RUN   mace  1800atoms  walk4 ... error_rc1  (1, 201s, 45383MiB)
RUN   mace  1800atoms  walk6 ... timeout_partial  (124, 1800s, 45431MiB)
RUN   mace  1800atoms  walk8 ... error_rc1  (1, 614s, 45360MiB)
RUN   ani2x  1800atoms  walk0 ... ./run_benchmark.sh : ligne 100 : 486329 Erreur de segmentation  LD_LIBRARY_PATH="$local_ld" MLFF_TIMING=1 MLFF_TIMING_EVERY="$OUTPUTFREQ" timeout "$TIMEOUT" "${cmd[@]}" > out.0.log 2>&1
error_rc139  (139, 11s, 33427MiB)
RUN   ani2x  1800atoms  walk1 ... error_rc1  (1, 11s, 797MiB)
RUN   ani2x  1800atoms  walk2 ... error_rc1  (1, 12s, 1592MiB)
RUN   ani2x  1800atoms  walk3 ... error_rc1  (1, 12s, 1089MiB)
RUN   ani2x  1800atoms  walk4 ... error_rc1  (1, 13s, 2671MiB)
RUN   ani2x  1800atoms  walk6 ... error_rc1  (1, 14s, 3976MiB)
RUN   ani2x  1800atoms  walk8 ... error_rc1  (1, 13s, 5561MiB)
RUN   nequip_oam  1800atoms  walk0 ... ./run_benchmark.sh : ligne 100 : 487274 Erreur de segmentation  LD_LIBRARY_PATH="$local_ld" MLFF_TIMING=1 MLFF_TIMING_EVERY="$OUTPUTFREQ" timeout "$TIMEOUT" "${cmd[@]}" > out.0.log 2>&1
error_rc139  (139, 99s, 17357MiB)
RUN   nequip_oam  1800atoms  walk1 ... error_rc1  (1, 126s, 19599MiB)
RUN   nequip_oam  1800atoms  walk2 ... error_rc1  (1, 147s, 38654MiB)
RUN   nequip_oam  1800atoms  walk3 ... error_rc1  (1, 226s, 36416MiB)
RUN   nequip_oam  1800atoms  walk4 ... error_rc1  (1, 164s, 43496MiB)
RUN   nequip_oam  1800atoms  walk6 ... error_rc1  (1, 182s, 45457MiB)
RUN   nequip_oam  1800atoms  walk8 ... ok  (0, 289s, 45449MiB)
RUN   schnet  1800atoms  walk0 ... ok  (0, 12s, 9660MiB)
RUN   schnet  1800atoms  walk1 ... ok  (0, 11s, 1207MiB)
RUN   schnet  1800atoms  walk2 ... ok  (0, 16s, 1207MiB)
RUN   schnet  1800atoms  walk3 ... ok  (0, 19s, 2423MiB)
RUN   schnet  1800atoms  walk4 ... ok  (0, 18s, 3613MiB)
RUN   schnet  1800atoms  walk6 ... ok  (0, 21s, 6020MiB)
RUN   schnet  1800atoms  walk8 ... ok  (0, 24s, 9630MiB)
RUN   fennol  1800atoms  walk0 ... error_rc1  (1, 1s, 1204MiB)
RUN   fennol  1800atoms  walk1 ... error_rc1  (1, 1s, 0MiB)
RUN   fennol  1800atoms  walk2 ... error_rc1  (1, 0s, 0MiB)
RUN   fennol  1800atoms  walk3 ... error_rc1  (1, 0s, 0MiB)
RUN   fennol  1800atoms  walk4 ... error_rc1  (1, 1s, 0MiB)
RUN   fennol  1800atoms  walk6 ... error_rc1  (1, 1s, 0MiB)
RUN   fennol  1800atoms  walk8 ... error_rc1  (1, 1s, 0MiB)
RUN   mace  3000atoms  walk0 ... ./run_benchmark.sh : ligne 100 : 492470 Abandon                 LD_LIBRARY_PATH="$local_ld" MLFF_TIMING=1 MLFF_TIMING_EVERY="$OUTPUTFREQ" timeout "$TIMEOUT" "${cmd[@]}" > out.0.log 2>&1
error_rc134  (134, 76s, 44897MiB)
RUN   mace  3000atoms  walk1 ... error_rc1  (1, 95s, 42173MiB)
RUN   mace  3000atoms  walk2 ... error_rc1  (1, 183s, 44889MiB)
RUN   mace  3000atoms  walk3 ... error_rc1  (1, 320s, 45218MiB)
RUN   mace  3000atoms  walk4 ... error_rc1  (1, 103s, 42435MiB)
RUN   mace  3000atoms  walk6 ... ok  (0, 596s, 45318MiB)
RUN   mace  3000atoms  walk8 ... ok  (0, 542s, 45316MiB)
RUN   ani2x  3000atoms  walk0 ... ./run_benchmark.sh : ligne 100 : 498315 Erreur de segmentation  LD_LIBRARY_PATH="$local_ld" MLFF_TIMING=1 MLFF_TIMING_EVERY="$OUTPUTFREQ" timeout "$TIMEOUT" "${cmd[@]}" > out.0.log 2>&1
error_rc139  (139, 13s, 44704MiB)
RUN   ani2x  3000atoms  walk1 ... timeout_hang  (124, 1800s, 1071MiB)
RUN   ani2x  3000atoms  walk2 ... error_rc1  (1, 15s, 2138MiB)
RUN   ani2x  3000atoms  walk3 ... error_rc1  (1, 15s, 3205MiB)
RUN   ani2x  3000atoms  walk4 ... error_rc1  (1, 12s, 2536MiB)
RUN   ani2x  3000atoms  walk6 ... error_rc1  (1, 12s, 4671MiB)
RUN   ani2x  3000atoms  walk8 ... error_rc1  (1, 11s, 6805MiB)
RUN   nequip_oam  3000atoms  walk0 ... ./run_benchmark.sh : ligne 100 : 504195 Erreur de segmentation  LD_LIBRARY_PATH="$local_ld" MLFF_TIMING=1 MLFF_TIMING_EVERY="$OUTPUTFREQ" timeout "$TIMEOUT" "${cmd[@]}" > out.0.log 2>&1
error_rc139  (139, 429s, 32537MiB)
RUN   nequip_oam  3000atoms  walk1 ... error_rc1  (1, 183s, 44537MiB)
RUN   nequip_oam  3000atoms  walk2 ... error_rc1  (1, 200s, 45298MiB)
RUN   nequip_oam  3000atoms  walk3 ... error_rc1  (1, 278s, 45224MiB)
RUN   nequip_oam  3000atoms  walk4 ... ok  (0, 351s, 45288MiB)
RUN   nequip_oam  3000atoms  walk6 ... error_rc1  (1, 285s, 45384MiB)
RUN   nequip_oam  3000atoms  walk8 ... ok  (0, 167s, 45421MiB)
RUN   schnet  3000atoms  walk0 ... ok  (0, 19s, 45337MiB)
RUN   schnet  3000atoms  walk1 ... ok  (0, 18s, 2585MiB)
RUN   schnet  3000atoms  walk2 ... ok  (0, 21s, 5166MiB)
RUN   schnet  3000atoms  walk3 ... ok  (0, 21s, 7747MiB)
RUN   schnet  3000atoms  walk4 ... ok  (0, 26s, 7747MiB)
RUN   schnet  3000atoms  walk6 ... ok  (0, 34s, 15491MiB)
RUN   schnet  3000atoms  walk8 ... ok  (0, 46s, 16449MiB)
RUN   fennol  3000atoms  walk0 ... error_rc1  (1, 1s, 1773MiB)
RUN   fennol  3000atoms  walk1 ... error_rc1  (1, 1s, 0MiB)
RUN   fennol  3000atoms  walk2 ... error_rc1  (1, 0s, 0MiB)
RUN   fennol  3000atoms  walk3 ... error_rc1  (1, 0s, 0MiB)
RUN   fennol  3000atoms  walk4 ... error_rc1  (1, 1s, 0MiB)
RUN   fennol  3000atoms  walk6 ... error_rc1  (1, 1s, 0MiB)
RUN   fennol  3000atoms  walk8 ... error_rc1  (1, 1s, 0MiB)
RUN   mace  6000atoms  walk0 ... ok  (0, 716s, 39867MiB)
RUN   mace  6000atoms  walk1 ... ok  (0, 717s, 39867MiB)
RUN   mace  6000atoms  walk2 ... ok  (0, 734s, 45320MiB)
RUN   mace  6000atoms  walk3 ... ok  (0, 1279s, 45458MiB)
RUN   mace  6000atoms  walk4 ... ok  (0, 535s, 42076MiB)
RUN   mace  6000atoms  walk6 ... ok  (0, 469s, 45102MiB)
RUN   mace  6000atoms  walk8 ... ok  (0, 298s, 45426MiB)
RUN   ani2x  6000atoms  walk0 ... ./run_benchmark.sh : ligne 100 : 525055 Erreur de segmentation  LD_LIBRARY_PATH="$local_ld" MLFF_TIMING=1 MLFF_TIMING_EVERY="$OUTPUTFREQ" timeout "$TIMEOUT" "${cmd[@]}" > out.0.log 2>&1
error_rc139  (139, 13s, 6742MiB)
RUN   ani2x  6000atoms  walk1 ... ./run_benchmark.sh : ligne 100 : 525155 Processus arrêté      LD_LIBRARY_PATH="$local_ld" MLFF_TIMING=1 MLFF_TIMING_EVERY="$OUTPUTFREQ" timeout "$TIMEOUT" "${cmd[@]}" > namd.log 2>&1
./run_benchmark.sh: ligne 100: /home/radu/PycharmProjects/ML_models_NAMD/namd_benchmarks/runs/ani2x/w2000_6000atoms/walk1/status.txt: Aucun fichier ou dossier de ce type
error_rc137  (137, 1488s)
RUN   ani2x  6000atoms  walk2 ... error_rc1  (1, 8s, 1893MiB)
RUN   ani2x  6000atoms  walk3 ... ./run_benchmark.sh : ligne 100 : 529700 Processus arrêté      LD_LIBRARY_PATH="$local_ld" MLFF_TIMING=1 MLFF_TIMING_EVERY="$OUTPUTFREQ" timeout "$TIMEOUT" "${cmd[@]}" > namd.log 2>&1
error_rc137  (137, 1s, 1893MiB)
RUN   ani2x  6000atoms  walk4 ... ./run_benchmark.sh : ligne 100 : 529738 Processus arrêté      LD_LIBRARY_PATH="$local_ld" MLFF_TIMING=1 MLFF_TIMING_EVERY="$OUTPUTFREQ" timeout "$TIMEOUT" "${cmd[@]}" > namd.log 2>&1
error_rc137  (137, 0s)
RUN   ani2x  6000atoms  walk6 ... ./run_benchmark.sh : ligne 100 : 529779 Processus arrêté      LD_LIBRARY_PATH="$local_ld" MLFF_TIMING=1 MLFF_TIMING_EVERY="$OUTPUTFREQ" timeout "$TIMEOUT" "${cmd[@]}" > namd.log 2>&1
error_rc137  (137, 0s, 0MiB)
RUN   ani2x  6000atoms  walk8 ... ./run_benchmark.sh : ligne 100 : 529818 Processus arrêté      LD_LIBRARY_PATH="$local_ld" MLFF_TIMING=1 MLFF_TIMING_EVERY="$OUTPUTFREQ" timeout "$TIMEOUT" "${cmd[@]}" > namd.log 2>&1
error_rc137  (137, 0s, 0MiB)
RUN   nequip_oam  6000atoms  walk0 ... ./run_benchmark.sh : ligne 100 : 529854 Processus arrêté      LD_LIBRARY_PATH="$local_ld" MLFF_TIMING=1 MLFF_TIMING_EVERY="$OUTPUTFREQ" timeout "$TIMEOUT" "${cmd[@]}" > out.0.log 2>&1
error_rc137  (137, 0s, 0MiB)
RUN   nequip_oam  6000atoms  walk1 ... ./run_benchmark.sh : ligne 100 : 529892 Processus arrêté      LD_LIBRARY_PATH="$local_ld" MLFF_TIMING=1 MLFF_TIMING_EVERY="$OUTPUTFREQ" timeout "$TIMEOUT" "${cmd[@]}" > namd.log 2>&1
error_rc137  (137, 0s, 0MiB)
RUN   nequip_oam  6000atoms  walk2 ... error_rc1  (1, 13s, 44035MiB)
RUN   nequip_oam  6000atoms  walk3 ... error_rc1  (1, 3s, 44032MiB)
RUN   nequip_oam  6000atoms  walk4 ... error_rc1  (1, 3s, 1303MiB)
RUN   nequip_oam  6000atoms  walk6 ... error_rc1  (1, 2s, 434MiB)
RUN   nequip_oam  6000atoms  walk8 ... error_rc1  (1, 3s, 434MiB)
RUN   schnet  6000atoms  walk0 ... ./run_benchmark.sh : ligne 100 : 530310 Processus arrêté      LD_LIBRARY_PATH="$local_ld" MLFF_TIMING=1 MLFF_TIMING_EVERY="$OUTPUTFREQ" timeout "$TIMEOUT" "${cmd[@]}" > out.0.log 2>&1
error_rc137  (137, 3s, 3085MiB)
RUN   schnet  6000atoms  walk1 ... error_rc1  (1, 3s, 3085MiB)
RUN   schnet  6000atoms  walk2 ... error_rc1  (1, 3s, 3085MiB)
RUN   schnet  6000atoms  walk3 ... error_rc1  (1, 2s, 3082MiB)
RUN   schnet  6000atoms  walk4 ... error_rc1  (1, 4s, 8423MiB)
RUN   schnet  6000atoms  walk6 ... error_rc1  (1, 2s, 6166MiB)
RUN   schnet  6000atoms  walk8 ... error_rc1  (1, 5s, 15410MiB)
RUN   fennol  6000atoms  walk0 ... error_rc1  (1, 1s, 3085MiB)
RUN   fennol  6000atoms  walk1 ... error_rc1  (1, 1s, 0MiB)
RUN   fennol  6000atoms  walk2 ... error_rc1  (1, 1s, 0MiB)
RUN   fennol  6000atoms  walk3 ... error_rc1  (1, 1s, 0MiB)
RUN   fennol  6000atoms  walk4 ... error_rc1  (1, 1s, 0MiB)
RUN   fennol  6000atoms  walk6 ... error_rc1  (1, 1s, 0MiB)
RUN   fennol  6000atoms  walk8 ... error_rc1  (1, 0s, 0MiB)
./run_benchmark.sh: ligne 178: fin de fichier (EOF) prématurée lors de la recherche du « " » correspondant
./run_benchmark.sh: ligne 179: erreur de syntaxe : fin de fichier prématurée
