grid: models=[mace ani2x nequip_oam schnet xtb fennol] water=[10 20 60 100 300 600 1000 2000] walkers=[0 1 2 3 4 6 8] steps=200 freq=50 timeout=1800s

RUN   mace  30atoms  walk0 ... ok  (0, 14s, 749MiB)
RUN   mace  30atoms  walk1 ... ok  (0, 13s, 749MiB)
RUN   mace  30atoms  walk2 ... ok  (0, 16s, 915MiB)
RUN   mace  30atoms  walk3 ... ok  (0, 21s, 1692MiB)
RUN   mace  30atoms  walk4 ... ok  (0, 23s, 2407MiB)
RUN   mace  30atoms  walk6 ... ok  (0, 30s, 3307MiB)
RUN   mace  30atoms  walk8 ... ok  (0, 37s, 4797MiB)
RUN   ani2x  30atoms  walk0 ... ok  (0, 10s, 749MiB)
RUN   ani2x  30atoms  walk1 ... ok  (0, 8s, 597MiB)
RUN   ani2x  30atoms  walk2 ... ok  (0, 8s, 599MiB)
RUN   ani2x  30atoms  walk3 ... ok  (0, 10s, 1192MiB)
RUN   ani2x  30atoms  walk4 ... ok  (0, 13s, 1785MiB)
RUN   ani2x  30atoms  walk6 ... ok  (0, 14s, 2972MiB)
RUN   ani2x  30atoms  walk8 ... ok  (0, 18s, 4159MiB)
RUN   nequip_oam  30atoms  walk0 ... ok  (0, 35s, 747MiB)
RUN   nequip_oam  30atoms  walk1 ... ok  (0, 34s, 747MiB)
RUN   nequip_oam  30atoms  walk2 ... ok  (0, 34s, 875MiB)
RUN   nequip_oam  30atoms  walk3 ... ok  (0, 35s, 1618MiB)
RUN   nequip_oam  30atoms  walk4 ... ok  (0, 35s, 2361MiB)
RUN   nequip_oam  30atoms  walk6 ... ok  (0, 36s, 3211MiB)
RUN   nequip_oam  30atoms  walk8 ... ok  (0, 36s, 4739MiB)
RUN   schnet  30atoms  walk0 ... ok  (0, 7s, 4523MiB)
RUN   schnet  30atoms  walk1 ... ok  (0, 6s, 547MiB)
RUN   schnet  30atoms  walk2 ... ok  (0, 6s, 551MiB)
RUN   schnet  30atoms  walk3 ... ok  (0, 6s, 555MiB)
RUN   schnet  30atoms  walk4 ... ok  (0, 8s, 1098MiB)
RUN   schnet  30atoms  walk6 ... ok  (0, 8s, 2185MiB)
RUN   schnet  30atoms  walk8 ... ok  (0, 9s, 3271MiB)
RUN   xtb  30atoms  walk0 ... ./run_benchmark.sh : ligne 101 : 624507 Abandon                 LD_LIBRARY_PATH="$local_ld" MLFF_TIMING=1 MLFF_TIMING_EVERY="$OUTPUTFREQ" timeout "$TIMEOUT" "${cmd[@]}" > out.0.log 2>&1
error_rc134  (134, 5s, 554MiB)
RUN   xtb  30atoms  walk1 ... error_rc1  (1, 0s, 0MiB)
RUN   xtb  30atoms  walk2 ... error_rc1  (1, 0s, 0MiB)
RUN   xtb  30atoms  walk3 ... error_rc1  (1, 1s, 0MiB)
RUN   xtb  30atoms  walk4 ... error_rc1  (1, 1s, 0MiB)
RUN   xtb  30atoms  walk6 ... error_rc1  (1, 1s, 0MiB)
RUN   xtb  30atoms  walk8 ... error_rc1  (1, 0s, 0MiB)
RUN   fennol  30atoms  walk1 ... ok  (0, 12s, 585MiB)
RUN   fennol  30atoms  walk2 ... ok  (0, 13s, 1170MiB)
RUN   fennol  30atoms  walk3 ... ok  (0, 14s, 1747MiB)
RUN   fennol  30atoms  walk4 ... ok  (0, 17s, 2333MiB)
RUN   fennol  30atoms  walk6 ... ok  (0, 21s, 3509MiB)
RUN   fennol  30atoms  walk8 ... ok  (0, 25s, 4690MiB)
RUN   mace  60atoms  walk0 ... ok  (0, 21s, 3515MiB)
RUN   mace  60atoms  walk1 ... ok  (0, 16s, 947MiB)
RUN   mace  60atoms  walk2 ... ok  (0, 22s, 1265MiB)
RUN   mace  60atoms  walk3 ... ok  (0, 27s, 1629MiB)
RUN   mace  60atoms  walk4 ... ok  (0, 34s, 2622MiB)
RUN   mace  60atoms  walk6 ... ok  (0, 49s, 5663MiB)
RUN   mace  60atoms  walk8 ... ok  (0, 60s, 6345MiB)
RUN   ani2x  60atoms  walk0 ... ok  (0, 9s, 5408MiB)
RUN   ani2x  60atoms  walk1 ... ok  (0, 8s, 599MiB)
RUN   ani2x  60atoms  walk2 ... ok  (0, 9s, 601MiB)
RUN   ani2x  60atoms  walk3 ... ok  (0, 10s, 1196MiB)
RUN   ani2x  60atoms  walk4 ... ok  (0, 13s, 2385MiB)
RUN   ani2x  60atoms  walk6 ... ok  (0, 15s, 2982MiB)
RUN   ani2x  60atoms  walk8 ... ok  (0, 18s, 4175MiB)
RUN   nequip_oam  60atoms  walk0 ... ok  (0, 35s, 971MiB)
RUN   nequip_oam  60atoms  walk1 ... ok  (0, 33s, 1051MiB)
RUN   nequip_oam  60atoms  walk2 ... ok  (0, 34s, 1843MiB)
RUN   nequip_oam  60atoms  walk3 ... ok  (0, 35s, 2728MiB)
RUN   nequip_oam  60atoms  walk4 ... ok  (0, 36s, 4195MiB)
RUN   nequip_oam  60atoms  walk6 ... ok  (0, 39s, 6203MiB)
RUN   nequip_oam  60atoms  walk8 ... ok  (0, 44s, 7844MiB)
RUN   schnet  60atoms  walk0 ... ok  (0, 7s, 7664MiB)
RUN   schnet  60atoms  walk1 ... ok  (0, 6s, 555MiB)
RUN   schnet  60atoms  walk2 ... ok  (0, 6s, 583MiB)
RUN   schnet  60atoms  walk3 ... ok  (0, 7s, 595MiB)
RUN   schnet  60atoms  walk4 ... ok  (0, 8s, 1685MiB)
RUN   schnet  60atoms  walk6 ... ok  (0, 8s, 2786MiB)
RUN   schnet  60atoms  walk8 ... ok  (0, 9s, 3891MiB)
RUN   xtb  60atoms  walk0 ... ./run_benchmark.sh : ligne 101 : 639201 Abandon                 LD_LIBRARY_PATH="$local_ld" MLFF_TIMING=1 MLFF_TIMING_EVERY="$OUTPUTFREQ" timeout "$TIMEOUT" "${cmd[@]}" > out.0.log 2>&1
error_rc134  (134, 5s, 552MiB)
RUN   xtb  60atoms  walk1 ... error_rc1  (1, 0s, 0MiB)
RUN   xtb  60atoms  walk2 ... error_rc1  (1, 1s, 0MiB)
RUN   xtb  60atoms  walk3 ... error_rc1  (1, 1s, 0MiB)
RUN   xtb  60atoms  walk4 ... error_rc1  (1, 1s, 0MiB)
RUN   xtb  60atoms  walk6 ... error_rc1  (1, 1s, 0MiB)
RUN   xtb  60atoms  walk8 ... error_rc1  (1, 0s, 0MiB)
RUN   fennol  60atoms  walk0 ... ok  (0, 17s, 591MiB)
RUN   fennol  60atoms  walk1 ... ok  (0, 14s, 591MiB)
RUN   fennol  60atoms  walk2 ... ok  (0, 16s, 1172MiB)
RUN   fennol  60atoms  walk3 ... ok  (0, 20s, 1753MiB)
RUN   fennol  60atoms  walk4 ... ok  (0, 22s, 2351MiB)
RUN   fennol  60atoms  walk6 ... ok  (0, 27s, 3503MiB)
RUN   fennol  60atoms  walk8 ... ok  (0, 32s, 4702MiB)
RUN   mace  180atoms  walk0 ... ./run_benchmark.sh : ligne 101 : 653774 Erreur de segmentation  LD_LIBRARY_PATH="$local_ld" MLFF_TIMING=1 MLFF_TIMING_EVERY="$OUTPUTFREQ" timeout "$TIMEOUT" "${cmd[@]}" > out.0.log 2>&1
error_rc139  (139, 26s, 1881MiB)
RUN   mace  180atoms  walk1 ... error_rc1  (1, 1713s, 1881MiB)
RUN   mace  180atoms  walk2 ... error_rc1  (1, 36s, 3942MiB)
RUN   mace  180atoms  walk3 ... error_rc1  (1, 38s, 5780MiB)
RUN   mace  180atoms  walk4 ... error_rc1  (1, 27s, 6225MiB)
RUN   mace  180atoms  walk6 ... error_rc1  (1, 46s, 11823MiB)
RUN   mace  180atoms  walk8 ... timeout_partial  (124, 1800s, 14840MiB)
RUN   ani2x  180atoms  walk0 ... ok  (0, 10s, 1878MiB)
RUN   ani2x  180atoms  walk1 ... ok  (0, 9s, 625MiB)
RUN   ani2x  180atoms  walk2 ... ok  (0, 8s, 631MiB)
RUN   ani2x  180atoms  walk3 ... error_rc1  (1, 13s, 1252MiB)
RUN   ani2x  180atoms  walk4 ... error_rc1  (1, 16s, 1873MiB)
RUN   ani2x  180atoms  walk6 ... timeout_partial  (124, 1800s, 3114MiB)
RUN   ani2x  180atoms  walk8 ... error_rc1  (1, 17s, 3146MiB)
RUN   nequip_oam  180atoms  walk0 ... ok  (0, 35s, 1995MiB)
RUN   nequip_oam  180atoms  walk1 ... ok  (0, 34s, 1995MiB)
RUN   nequip_oam  180atoms  walk2 ... error_rc1  (1, 40s, 3655MiB)
RUN   nequip_oam  180atoms  walk3 ... error_rc1  (1, 53s, 5646MiB)
RUN   nequip_oam  180atoms  walk4 ... error_rc1  (1, 48s, 8109MiB)
RUN   nequip_oam  180atoms  walk6 ... error_rc1  (1, 68s, 11344MiB)
RUN   nequip_oam  180atoms  walk8 ... error_rc1  (1, 70s, 14631MiB)
RUN   schnet  180atoms  walk0 ... ok  (0, 6s, 14595MiB)
RUN   schnet  180atoms  walk1 ... ok  (0, 6s, 607MiB)
RUN   schnet  180atoms  walk2 ... ok  (0, 6s, 651MiB)
RUN   schnet  180atoms  walk3 ... ok  (0, 8s, 1254MiB)
RUN   schnet  180atoms  walk4 ... ok  (0, 8s, 1857MiB)
RUN   schnet  180atoms  walk6 ... ok  (0, 8s, 3064MiB)
RUN   schnet  180atoms  walk8 ... ok  (0, 9s, 3767MiB)
RUN   xtb  180atoms  walk0 ... ./run_benchmark.sh : ligne 101 : 673053 Abandon                 LD_LIBRARY_PATH="$local_ld" MLFF_TIMING=1 MLFF_TIMING_EVERY="$OUTPUTFREQ" timeout "$TIMEOUT" "${cmd[@]}" > out.0.log 2>&1
error_rc134  (134, 5s, 3767MiB)
RUN   xtb  180atoms  walk1 ... error_rc1  (1, 1s, 0MiB)
RUN   xtb  180atoms  walk2 ... error_rc1  (1, 1s, 0MiB)
RUN   xtb  180atoms  walk3 ... error_rc1  (1, 0s, 0MiB)
RUN   xtb  180atoms  walk4 ... error_rc1  (1, 1s, 0MiB)
RUN   xtb  180atoms  walk6 ... error_rc1  (1, 1s, 0MiB)
RUN   xtb  180atoms  walk8 ... error_rc1  (1, 1s, 0MiB)
RUN   fennol  180atoms  walk0 ... ./run_benchmark.sh : ligne 101 : 673228 Erreur de segmentation  LD_LIBRARY_PATH="$local_ld" MLFF_TIMING=1 MLFF_TIMING_EVERY="$OUTPUTFREQ" timeout "$TIMEOUT" "${cmd[@]}" > out.0.log 2>&1
error_rc139  (139, 24s, 593MiB)
RUN   fennol  180atoms  walk1 ... ok  (0, 17s, 581MiB)
RUN   fennol  180atoms  walk2 ... timeout_partial  (124, 1800s, 1176MiB)
RUN   fennol  180atoms  walk3 ... ok  (0, 23s, 1763MiB)
RUN   fennol  180atoms  walk4 ... ok  (0, 26s, 2349MiB)
RUN   fennol  180atoms  walk6 ... error_rc1  (1, 38s, 3531MiB)
RUN   fennol  180atoms  walk8 ... error_rc1  (1, 44s, 4708MiB)
RUN   mace  300atoms  walk0 ... ./run_benchmark.sh : ligne 101 : 695364 Erreur de segmentation  LD_LIBRARY_PATH="$local_ld" MLFF_TIMING=1 MLFF_TIMING_EVERY="$OUTPUTFREQ" timeout "$TIMEOUT" "${cmd[@]}" > out.0.log 2>&1
error_rc139  (139, 25s, 3509MiB)
RUN   mace  300atoms  walk1 ... error_rc1  (1, 23s, 3189MiB)
RUN   mace  300atoms  walk2 ... error_rc1  (1, 28s, 7493MiB)
RUN   mace  300atoms  walk3 ... error_rc1  (1, 53s, 10668MiB)
RUN   mace  300atoms  walk4 ... error_rc1  (1, 62s, 13231MiB)
RUN   mace  300atoms  walk6 ... error_rc1  (1, 80s, 21037MiB)
RUN   mace  300atoms  walk8 ... error_rc1  (1, 79s, 27345MiB)
RUN   ani2x  300atoms  walk0 ... ./run_benchmark.sh : ligne 101 : 696968 Erreur de segmentation  LD_LIBRARY_PATH="$local_ld" MLFF_TIMING=1 MLFF_TIMING_EVERY="$OUTPUTFREQ" timeout "$TIMEOUT" "${cmd[@]}" > out.0.log 2>&1
error_rc139  (139, 12s, 24478MiB)
RUN   ani2x  300atoms  walk1 ... timeout_partial  (124, 1800s, 627MiB)
RUN   ani2x  300atoms  walk2 ... error_rc1  (1, 12s, 1250MiB)
RUN   ani2x  300atoms  walk3 ... error_rc1  (1, 10s, 1873MiB)
RUN   ani2x  300atoms  walk4 ... error_rc1  (1, 13s, 1905MiB)
RUN   ani2x  300atoms  walk6 ... error_rc1  (1, 10s, 3152MiB)
RUN   ani2x  300atoms  walk8 ... error_rc1  (1, 14s, 4990MiB)
RUN   nequip_oam  300atoms  walk0 ... ./run_benchmark.sh : ligne 101 : 702877 Erreur de segmentation  LD_LIBRARY_PATH="$local_ld" MLFF_TIMING=1 MLFF_TIMING_EVERY="$OUTPUTFREQ" timeout "$TIMEOUT" "${cmd[@]}" > out.0.log 2>&1
error_rc139  (139, 39s, 3199MiB)
RUN   nequip_oam  300atoms  walk1 ... ok  (0, 42s, 3201MiB)
RUN   nequip_oam  300atoms  walk2 ... timeout_partial  (124, 1800s, 6664MiB)
RUN   nequip_oam  300atoms  walk3 ... error_rc1  (1, 75s, 9942MiB)
RUN   nequip_oam  300atoms  walk4 ... error_rc1  (1, 55s, 12966MiB)
RUN   nequip_oam  300atoms  walk6 ... error_rc1  (1, 83s, 19532MiB)
RUN   nequip_oam  300atoms  walk8 ... error_rc1  (1, 95s, 26622MiB)
RUN   schnet  300atoms  walk0 ... ok  (0, 7s, 23427MiB)
RUN   schnet  300atoms  walk1 ... ok  (0, 6s, 629MiB)
RUN   schnet  300atoms  walk2 ... ok  (0, 6s, 749MiB)
RUN   schnet  300atoms  walk3 ... ok  (0, 8s, 1372MiB)
RUN   schnet  300atoms  walk4 ... ok  (0, 8s, 1997MiB)
RUN   schnet  300atoms  walk6 ... ok  (0, 8s, 3755MiB)
RUN   schnet  300atoms  walk8 ... ok  (0, 9s, 4499MiB)
RUN   xtb  300atoms  walk0 ... ./run_benchmark.sh : ligne 101 : 710369 Abandon                 LD_LIBRARY_PATH="$local_ld" MLFF_TIMING=1 MLFF_TIMING_EVERY="$OUTPUTFREQ" timeout "$TIMEOUT" "${cmd[@]}" > out.0.log 2>&1
error_rc134  (134, 5s, 3873MiB)
RUN   xtb  300atoms  walk1 ... error_rc1  (1, 1s, 0MiB)
RUN   xtb  300atoms  walk2 ... error_rc1  (1, 1s, 0MiB)
RUN   xtb  300atoms  walk3 ... error_rc1  (1, 0s, 0MiB)
RUN   xtb  300atoms  walk4 ... error_rc1  (1, 1s, 0MiB)
RUN   xtb  300atoms  walk6 ... error_rc1  (1, 1s, 0MiB)
RUN   xtb  300atoms  walk8 ... error_rc1  (1, 1s, 0MiB)
RUN   fennol  300atoms  walk0 ... ./run_benchmark.sh : ligne 101 : 710546 Erreur de segmentation  LD_LIBRARY_PATH="$local_ld" MLFF_TIMING=1 MLFF_TIMING_EVERY="$OUTPUTFREQ" timeout "$TIMEOUT" "${cmd[@]}" > out.0.log 2>&1
error_rc139  (139, 23s, 591MiB)
RUN   fennol  300atoms  walk1 ... error_rc1  (1, 23s, 589MiB)
RUN   fennol  300atoms  walk2 ... error_rc1  (1, 24s, 1178MiB)
RUN   fennol  300atoms  walk3 ... error_rc1  (1, 26s, 1765MiB)
RUN   fennol  300atoms  walk4 ... error_rc1  (1, 30s, 2351MiB)
RUN   fennol  300atoms  walk6 ... error_rc1  (1, 35s, 3531MiB)
RUN   fennol  300atoms  walk8 ... error_rc1  (1, 42s, 4704MiB)
RUN   mace  900atoms  walk0 ... ./run_benchmark.sh : ligne 101 : 726872 Erreur de segmentation  LD_LIBRARY_PATH="$local_ld" MLFF_TIMING=1 MLFF_TIMING_EVERY="$OUTPUTFREQ" timeout "$TIMEOUT" "${cmd[@]}" > out.0.log 2>&1
error_rc139  (139, 54s, 9269MiB)
RUN   mace  900atoms  walk1 ... error_rc1  (1, 48s, 10373MiB)
RUN   mace  900atoms  walk2 ... error_rc1  (1, 73s, 34795MiB)
RUN   mace  900atoms  walk3 ... error_rc1  (1, 130s, 38927MiB)
RUN   mace  900atoms  walk4 ... error_rc1  (1, 191s, 44957MiB)
RUN   mace  900atoms  walk6 ... timeout_partial  (124, 1800s, 44759MiB)
RUN   mace  900atoms  walk8 ... error_rc1  (1, 218s, 45375MiB)
RUN   ani2x  900atoms  walk0 ... ok  (0, 10s, 37762MiB)
RUN   ani2x  900atoms  walk1 ... timeout_partial  (124, 1800s, 685MiB)
RUN   ani2x  900atoms  walk2 ... ok  (0, 10s, 1386MiB)
RUN   ani2x  900atoms  walk3 ... error_rc1  (1, 14s, 2047MiB)
RUN   ani2x  900atoms  walk4 ... timeout_partial  (124, 1800s, 2141MiB)
RUN   ani2x  900atoms  walk6 ... ok  (0, 15s, 3504MiB)
RUN   ani2x  900atoms  walk8 ... error_rc1  (1, 22s, 4867MiB)
RUN   nequip_oam  900atoms  walk0 ... ok  (0, 120s, 11799MiB)
RUN   nequip_oam  900atoms  walk1 ... ok  (0, 119s, 10591MiB)
RUN   nequip_oam  900atoms  walk2 ... error_rc1  (1, 161s, 17012MiB)
RUN   nequip_oam  900atoms  walk3 ... error_rc1  (1, 294s, 32745MiB)
RUN   nequip_oam  900atoms  walk4 ... error_rc1  (1, 348s, 42867MiB)
RUN   nequip_oam  900atoms  walk6 ... ok  (0, 459s, 45450MiB)
RUN   nequip_oam  900atoms  walk8 ... ok  (0, 260s, 45412MiB)
RUN   schnet  900atoms  walk0 ... ok  (0, 7s, 45232MiB)
RUN   schnet  900atoms  walk1 ... ok  (0, 7s, 841MiB)
RUN   schnet  900atoms  walk2 ... ok  (0, 7s, 1367MiB)
RUN   schnet  900atoms  walk3 ... ok  (0, 8s, 2430MiB)
RUN   schnet  900atoms  walk4 ... ok  (0, 8s, 3353MiB)
RUN   schnet  900atoms  walk6 ... ok  (0, 9s, 4365MiB)
RUN   schnet  900atoms  walk8 ... ok  (0, 10s, 7129MiB)
RUN   xtb  900atoms  walk0 ... ./run_benchmark.sh : ligne 101 : 751812 Abandon                 LD_LIBRARY_PATH="$local_ld" MLFF_TIMING=1 MLFF_TIMING_EVERY="$OUTPUTFREQ" timeout "$TIMEOUT" "${cmd[@]}" > out.0.log 2>&1
error_rc134  (134, 5s, 838MiB)
RUN   xtb  900atoms  walk1 ... error_rc1  (1, 0s, 0MiB)
RUN   xtb  900atoms  walk2 ... error_rc1  (1, 0s, 0MiB)
RUN   xtb  900atoms  walk3 ... error_rc1  (1, 1s, 0MiB)
RUN   xtb  900atoms  walk4 ... error_rc1  (1, 1s, 0MiB)
RUN   xtb  900atoms  walk6 ... error_rc1  (1, 1s, 0MiB)
RUN   xtb  900atoms  walk8 ... error_rc1  (1, 0s, 0MiB)
RUN   fennol  900atoms  walk0 ... ok  (0, 17s, 595MiB)
RUN   fennol  900atoms  walk1 ... error_rc1  (1, 22s, 595MiB)
RUN   fennol  900atoms  walk2 ... error_rc1  (1, 23s, 1186MiB)
RUN   fennol  900atoms  walk3 ... ok  (0, 19s, 1777MiB)
RUN   fennol  900atoms  walk4 ... error_rc1  (1, 28s, 2371MiB)
RUN   fennol  900atoms  walk6 ... error_rc1  (1, 28s, 3553MiB)
RUN   fennol  900atoms  walk8 ... ok  (0, 34s, 4722MiB)
RUN   mace  1800atoms  walk0 ... ./run_benchmark.sh : ligne 101 : 766356 Erreur de segmentation  LD_LIBRARY_PATH="$local_ld" MLFF_TIMING=1 MLFF_TIMING_EVERY="$OUTPUTFREQ" timeout "$TIMEOUT" "${cmd[@]}" > out.0.log 2>&1
error_rc139  (139, 57s, 22463MiB)
RUN   mace  1800atoms  walk1 ... error_rc1  (1, 51s, 37623MiB)
RUN   mace  1800atoms  walk2 ... timeout_hang  (124, 1800s, 44914MiB)
RUN   mace  1800atoms  walk3 ... error_rc1  (1, 130s, 44918MiB)
RUN   mace  1800atoms  walk4 ... error_rc1  (1, 187s, 44788MiB)
RUN   mace  1800atoms  walk6 ... error_rc1  (1, 154s, 45429MiB)
RUN   mace  1800atoms  walk8 ... ok  (0, 213s, 45433MiB)
RUN   ani2x  1800atoms  walk0 ... ./run_benchmark.sh : ligne 101 : 774157 Erreur de segmentation  LD_LIBRARY_PATH="$local_ld" MLFF_TIMING=1 MLFF_TIMING_EVERY="$OUTPUTFREQ" timeout "$TIMEOUT" "${cmd[@]}" > out.0.log 2>&1
error_rc139  (139, 12s, 41364MiB)
RUN   ani2x  1800atoms  walk1 ... error_rc1  (1, 12s, 799MiB)
RUN   ani2x  1800atoms  walk2 ... error_rc1  (1, 11s, 1594MiB)
RUN   ani2x  1800atoms  walk3 ... error_rc1  (1, 11s, 1089MiB)
RUN   ani2x  1800atoms  walk4 ... error_rc1  (1, 13s, 2385MiB)
RUN   ani2x  1800atoms  walk6 ... error_rc1  (1, 13s, 4769MiB)
RUN   ani2x  1800atoms  walk8 ... error_rc1  (1, 14s, 6360MiB)
RUN   nequip_oam  1800atoms  walk0 ... ./run_benchmark.sh : ligne 101 : 775138 Erreur de segmentation  LD_LIBRARY_PATH="$local_ld" MLFF_TIMING=1 MLFF_TIMING_EVERY="$OUTPUTFREQ" timeout "$TIMEOUT" "${cmd[@]}" > out.0.log 2>&1
error_rc139  (139, 97s, 19599MiB)
RUN   nequip_oam  1800atoms  walk1 ... error_rc1  (1, 75s, 21299MiB)
RUN   nequip_oam  1800atoms  walk2 ... error_rc1  (1, 128s, 19595MiB)
RUN   nequip_oam  1800atoms  walk3 ... error_rc1  (1, 200s, 34710MiB)
RUN   nequip_oam  1800atoms  walk4 ... ok  (0, 103s, 45435MiB)
RUN   nequip_oam  1800atoms  walk6 ... error_rc1  (1, 122s, 44963MiB)
RUN   nequip_oam  1800atoms  walk8 ... ok  (0, 96s, 45437MiB)
RUN   schnet  1800atoms  walk0 ... ok  (0, 8s, 32415MiB)
RUN   schnet  1800atoms  walk1 ... ok  (0, 8s, 1207MiB)
RUN   schnet  1800atoms  walk2 ... ok  (0, 9s, 1207MiB)
RUN   schnet  1800atoms  walk3 ... ok  (0, 10s, 2410MiB)
RUN   schnet  1800atoms  walk4 ... ok  (0, 11s, 3613MiB)
RUN   schnet  1800atoms  walk6 ... ok  (0, 12s, 6020MiB)
RUN   schnet  1800atoms  walk8 ... ok  (0, 15s, 9630MiB)
RUN   xtb  1800atoms  walk0 ... ./run_benchmark.sh : ligne 101 : 778796 Abandon                 LD_LIBRARY_PATH="$local_ld" MLFF_TIMING=1 MLFF_TIMING_EVERY="$OUTPUTFREQ" timeout "$TIMEOUT" "${cmd[@]}" > out.0.log 2>&1
error_rc134  (134, 4s, 1204MiB)
RUN   xtb  1800atoms  walk1 ... error_rc1  (1, 1s, 0MiB)
RUN   xtb  1800atoms  walk2 ... error_rc1  (1, 1s, 0MiB)
RUN   xtb  1800atoms  walk3 ... error_rc1  (1, 0s, 0MiB)
RUN   xtb  1800atoms  walk4 ... error_rc1  (1, 0s, 0MiB)
RUN   xtb  1800atoms  walk6 ... error_rc1  (1, 1s, 0MiB)
RUN   xtb  1800atoms  walk8 ... error_rc1  (1, 1s, 0MiB)
RUN   fennol  1800atoms  walk0 ... ./run_benchmark.sh : ligne 101 : 778972 Erreur de segmentation  LD_LIBRARY_PATH="$local_ld" MLFF_TIMING=1 MLFF_TIMING_EVERY="$OUTPUTFREQ" timeout "$TIMEOUT" "${cmd[@]}" > out.0.log 2>&1
error_rc139  (139, 22s, 609MiB)
RUN   fennol  1800atoms  walk1 ... error_rc1  (1, 20s, 611MiB)
RUN   fennol  1800atoms  walk2 ... error_rc1  (1, 22s, 1218MiB)
RUN   fennol  1800atoms  walk3 ... error_rc1  (1, 23s, 1823MiB)
RUN   fennol  1800atoms  walk4 ... error_rc1  (1, 26s, 2435MiB)
RUN   fennol  1800atoms  walk6 ... error_rc1  (1, 31s, 3649MiB)
RUN   fennol  1800atoms  walk8 ... error_rc1  (1, 36s, 4866MiB)
RUN   mace  3000atoms  walk0 ... ./run_benchmark.sh : ligne 101 : 792068 Erreur de segmentation  LD_LIBRARY_PATH="$local_ld" MLFF_TIMING=1 MLFF_TIMING_EVERY="$OUTPUTFREQ" timeout "$TIMEOUT" "${cmd[@]}" > out.0.log 2>&1
error_rc139  (139, 132s, 42177MiB)
RUN   mace  3000atoms  walk1 ... error_rc1  (1, 92s, 28811MiB)
RUN   mace  3000atoms  walk2 ... ok  (0, 288s, 45180MiB)
RUN   mace  3000atoms  walk3 ... error_rc1  (1, 223s, 45164MiB)
RUN   mace  3000atoms  walk4 ... error_rc1  (1, 211s, 44982MiB)
RUN   mace  3000atoms  walk6 ... ok  (0, 340s, 45318MiB)
RUN   mace  3000atoms  walk8 ... ok  (0, 314s, 45430MiB)
RUN   ani2x  3000atoms  walk0 ... ./run_benchmark.sh : ligne 101 : 797033 Erreur de segmentation  LD_LIBRARY_PATH="$local_ld" MLFF_TIMING=1 MLFF_TIMING_EVERY="$OUTPUTFREQ" timeout "$TIMEOUT" "${cmd[@]}" > out.0.log 2>&1
error_rc139  (139, 13s, 45414MiB)
RUN   ani2x  3000atoms  walk1 ... error_rc1  (1, 12s, 1071MiB)
RUN   ani2x  3000atoms  walk2 ... timeout_partial  (124, 1800s, 2138MiB)
RUN   ani2x  3000atoms  walk3 ... error_rc1  (1, 15s, 2138MiB)
RUN   ani2x  3000atoms  walk4 ... error_rc1  (1, 16s, 3205MiB)
RUN   ani2x  3000atoms  walk6 ... error_rc1  (1, 10s, 4671MiB)
RUN   ani2x  3000atoms  walk8 ... error_rc1  (1, 18s, 8542MiB)
RUN   nequip_oam  3000atoms  walk0 ... ./run_benchmark.sh : ligne 101 : 802956 Erreur de segmentation  LD_LIBRARY_PATH="$local_ld" MLFF_TIMING=1 MLFF_TIMING_EVERY="$OUTPUTFREQ" timeout "$TIMEOUT" "${cmd[@]}" > out.0.log 2>&1
error_rc139  (139, 235s, 34453MiB)
RUN   nequip_oam  3000atoms  walk1 ... error_rc1  (1, 222s, 34453MiB)
RUN   nequip_oam  3000atoms  walk2 ... ok  (0, 103s, 45200MiB)
RUN   nequip_oam  3000atoms  walk3 ... ok  (0, 125s, 45226MiB)
RUN   nequip_oam  3000atoms  walk4 ... error_rc1  (1, 266s, 45430MiB)
RUN   nequip_oam  3000atoms  walk6 ... ok  (0, 97s, 45445MiB)
RUN   nequip_oam  3000atoms  walk8 ... ok  (0, 54s, 45453MiB)
RUN   schnet  3000atoms  walk0 ... ok  (0, 11s, 45291MiB)
RUN   schnet  3000atoms  walk1 ... ok  (0, 11s, 2585MiB)
RUN   schnet  3000atoms  walk2 ... ok  (0, 12s, 5785MiB)
RUN   schnet  3000atoms  walk3 ... ok  (0, 13s, 5785MiB)
RUN   schnet  3000atoms  walk4 ... ok  (0, 14s, 6935MiB)
RUN   schnet  3000atoms  walk6 ... ok  (0, 19s, 12910MiB)
RUN   schnet  3000atoms  walk8 ... ok  (0, 23s, 17879MiB)
RUN   xtb  3000atoms  walk0 ... ./run_benchmark.sh : ligne 101 : 807391 Abandon                 LD_LIBRARY_PATH="$local_ld" MLFF_TIMING=1 MLFF_TIMING_EVERY="$OUTPUTFREQ" timeout "$TIMEOUT" "${cmd[@]}" > out.0.log 2>&1
error_rc134  (134, 5s, 17879MiB)
RUN   xtb  3000atoms  walk1 ... error_rc1  (1, 0s, 0MiB)
RUN   xtb  3000atoms  walk2 ... error_rc1  (1, 0s, 0MiB)
RUN   xtb  3000atoms  walk3 ... error_rc1  (1, 1s, 0MiB)
RUN   xtb  3000atoms  walk4 ... error_rc1  (1, 1s, 0MiB)
RUN   xtb  3000atoms  walk6 ... error_rc1  (1, 1s, 0MiB)
RUN   xtb  3000atoms  walk8 ... error_rc1  (1, 0s, 0MiB)
RUN   fennol  3000atoms  walk0 ... ./run_benchmark.sh : ligne 101 : 807571 Erreur de segmentation  LD_LIBRARY_PATH="$local_ld" MLFF_TIMING=1 MLFF_TIMING_EVERY="$OUTPUTFREQ" timeout "$TIMEOUT" "${cmd[@]}" > out.0.log 2>&1
error_rc139  (139, 24s, 767MiB)
RUN   fennol  3000atoms  walk1 ... error_rc1  (1, 21s, 767MiB)
RUN   fennol  3000atoms  walk2 ... error_rc1  (1, 23s, 1530MiB)
RUN   fennol  3000atoms  walk3 ... error_rc1  (1, 20s, 2293MiB)
RUN   fennol  3000atoms  walk4 ... error_rc1  (1, 28s, 3059MiB)
RUN   fennol  3000atoms  walk6 ... error_rc1  (1, 33s, 4587MiB)
RUN   fennol  3000atoms  walk8 ... error_rc1  (1, 37s, 6114MiB)
RUN   mace  6000atoms  walk0 ... ok  (0, 296s, 45451MiB)
RUN   mace  6000atoms  walk1 ... error_rc1  (1, 141s, 44789MiB)
RUN   mace  6000atoms  walk2 ... ok  (0, 264s, 45418MiB)
RUN   mace  6000atoms  walk3 ... ok  (0, 353s, 45320MiB)
RUN   mace  6000atoms  walk4 ... ok  (0, 384s, 45084MiB)
RUN   mace  6000atoms  walk6 ... ok  (0, 120s, 45211MiB)
RUN   mace  6000atoms  walk8 ... ok  (0, 69s, 45342MiB)
RUN   ani2x  6000atoms  walk0 ... ./run_benchmark.sh : ligne 101 : 826089 Erreur de segmentation  LD_LIBRARY_PATH="$local_ld" MLFF_TIMING=1 MLFF_TIMING_EVERY="$OUTPUTFREQ" timeout "$TIMEOUT" "${cmd[@]}" > out.0.log 2>&1
error_rc139  (139, 15s, 44878MiB)
RUN   ani2x  6000atoms  walk1 ... timeout_hang  (124, 1800s, 1895MiB)
RUN   ani2x  6000atoms  walk2 ... error_rc1  (1, 13s, 3784MiB)
RUN   ani2x  6000atoms  walk3 ... error_rc1  (1, 10s, 3786MiB)
RUN   ani2x  6000atoms  walk4 ... error_rc1  (1, 10s, 5158MiB)
RUN   ani2x  6000atoms  walk6 ... error_rc1  (1, 11s, 11345MiB)
RUN   ani2x  6000atoms  walk8 ... error_rc1  (1, 17s, 12719MiB)
RUN   nequip_oam  6000atoms  walk0 ... ok  (0, 111s, 43685MiB)
RUN   nequip_oam  6000atoms  walk1 ... ok  (0, 110s, 43685MiB)
RUN   nequip_oam  6000atoms  walk2 ... ok  (0, 88s, 45334MiB)
RUN   nequip_oam  6000atoms  walk3 ... ok  (0, 90s, 45368MiB)
RUN   nequip_oam  6000atoms  walk4 ... ok  (0, 114s, 45306MiB)
RUN   nequip_oam  6000atoms  walk6 ... ok  (0, 111s, 45365MiB)
RUN   nequip_oam  6000atoms  walk8 ... ok  (0, 63s, 45455MiB)
RUN   schnet  6000atoms  walk0 ... ok  (0, 22s, 45261MiB)
RUN   schnet  6000atoms  walk1 ... ok  (0, 20s, 3085MiB)
RUN   schnet  6000atoms  walk2 ... ok  (0, 21s, 3085MiB)
RUN   schnet  6000atoms  walk3 ... ok  (0, 26s, 6861MiB)
RUN   schnet  6000atoms  walk4 ... ok  (0, 27s, 10902MiB)
RUN   schnet  6000atoms  walk6 ... ok  (0, 35s, 15410MiB)
RUN   schnet  6000atoms  walk8 ... ok  (0, 45s, 21074MiB)
RUN   xtb  6000atoms  walk0 ... ./run_benchmark.sh : ligne 101 : 835402 Abandon                 LD_LIBRARY_PATH="$local_ld" MLFF_TIMING=1 MLFF_TIMING_EVERY="$OUTPUTFREQ" timeout "$TIMEOUT" "${cmd[@]}" > out.0.log 2>&1
error_rc134  (134, 4s, 21074MiB)
RUN   xtb  6000atoms  walk1 ... error_rc1  (1, 1s, 0MiB)
RUN   xtb  6000atoms  walk2 ... error_rc1  (1, 1s, 0MiB)
RUN   xtb  6000atoms  walk3 ... error_rc1  (1, 1s, 0MiB)
RUN   xtb  6000atoms  walk4 ... error_rc1  (1, 1s, 0MiB)
RUN   xtb  6000atoms  walk6 ... error_rc1  (1, 1s, 0MiB)
RUN   xtb  6000atoms  walk8 ... error_rc1  (1, 0s, 0MiB)
RUN   fennol  6000atoms  walk0 ... ./run_benchmark.sh : ligne 101 : 835581 Erreur de segmentation  LD_LIBRARY_PATH="$local_ld" MLFF_TIMING=1 MLFF_TIMING_EVERY="$OUTPUTFREQ" timeout "$TIMEOUT" "${cmd[@]}" > out.0.log 2>&1
error_rc139  (139, 29s, 1009MiB)
RUN   fennol  6000atoms  walk1 ... error_rc1  (1, 25s, 1009MiB)
RUN   fennol  6000atoms  walk2 ... error_rc1  (1, 28s, 2014MiB)
RUN   fennol  6000atoms  walk3 ... error_rc1  (1, 28s, 3021MiB)
RUN   fennol  6000atoms  walk4 ... error_rc1  (1, 31s, 4155MiB)
RUN   fennol  6000atoms  walk6 ... error_rc1  (1, 35s, 6167MiB)
RUN   fennol  6000atoms  walk8 ... error_rc1  (1, 40s, 8306MiB)

done: 335 ran, 1 skipped, 336 total cells.
gather:  python gather_results.py
